Archive member included because of file (symbol)

/usr/local/CrossPack-AVR-20131216/lib/gcc/avr/4.8.1/avr51/libgcc.a(_mulsi3.o)
                              ./arduino/WMath.o (__mulsi3)
/usr/local/CrossPack-AVR-20131216/lib/gcc/avr/4.8.1/avr51/libgcc.a(_udivmodsi4.o)
                              ./arduino/HardwareSerial.o (__udivmodsi4)
/usr/local/CrossPack-AVR-20131216/lib/gcc/avr/4.8.1/avr51/libgcc.a(_divmodsi4.o)
                              ./arduino/WMath.o (__divmodsi4)
/usr/local/CrossPack-AVR-20131216/lib/gcc/avr/4.8.1/avr51/libgcc.a(_negsi2.o)
                              /usr/local/CrossPack-AVR-20131216/lib/gcc/avr/4.8.1/avr51/libgcc.a(_divmodsi4.o) (__negsi2)
/usr/local/CrossPack-AVR-20131216/lib/gcc/avr/4.8.1/avr51/libgcc.a(_exit.o)
                              /usr/local/CrossPack-AVR-20131216/lib/gcc/avr/4.8.1/../../../../avr/lib/avr51/crtcan128.o (exit)
/usr/local/CrossPack-AVR-20131216/lib/gcc/avr/4.8.1/avr51/libgcc.a(_tablejump.o)
                              ./arduino/WInterrupts.o (__tablejump2__)
/usr/local/CrossPack-AVR-20131216/lib/gcc/avr/4.8.1/avr51/libgcc.a(_copy_data.o)
                              ./arduino/HardwareSerial.o (__do_copy_data)
/usr/local/CrossPack-AVR-20131216/lib/gcc/avr/4.8.1/avr51/libgcc.a(_clear_bss.o)
                              ./arduino/HardwareSerial.o (__do_clear_bss)
/usr/local/CrossPack-AVR-20131216/lib/gcc/avr/4.8.1/avr51/libgcc.a(_ctors.o)
                              ./arduino/HardwareSerial.o (__do_global_ctors)
/usr/local/CrossPack-AVR-20131216/lib/gcc/avr/4.8.1/avr51/libgcc.a(_dtors.o)
                              ./main.o (__do_global_dtors)
/usr/local/CrossPack-AVR-20131216/lib/gcc/avr/4.8.1/avr51/libgcc.a(_muluhisi3.o)
                              ./arduino/HardwareSerial.o (__muluhisi3)
/usr/local/CrossPack-AVR-20131216/lib/gcc/avr/4.8.1/avr51/libgcc.a(_tablejump_elpm.o)
                              /usr/local/CrossPack-AVR-20131216/lib/gcc/avr/4.8.1/avr51/libgcc.a(_ctors.o) (__tablejump_elpm__)
/usr/local/CrossPack-AVR-20131216/lib/gcc/avr/4.8.1/avr51/libgcc.a(_umulhisi3.o)
                              /usr/local/CrossPack-AVR-20131216/lib/gcc/avr/4.8.1/avr51/libgcc.a(_muluhisi3.o) (__umulhisi3)
/usr/local/CrossPack-AVR-20131216/lib/gcc/avr/4.8.1/../../../../avr/lib/avr51/libm.a(addsf3.o)
                              ./arduino/Print.o (__subsf3)
/usr/local/CrossPack-AVR-20131216/lib/gcc/avr/4.8.1/../../../../avr/lib/avr51/libm.a(addsf3x.o)
                              /usr/local/CrossPack-AVR-20131216/lib/gcc/avr/4.8.1/../../../../avr/lib/avr51/libm.a(addsf3.o) (__addsf3x)
/usr/local/CrossPack-AVR-20131216/lib/gcc/avr/4.8.1/../../../../avr/lib/avr51/libm.a(cmpsf2.o)
                              ./arduino/Print.o (__ltsf2)
/usr/local/CrossPack-AVR-20131216/lib/gcc/avr/4.8.1/../../../../avr/lib/avr51/libm.a(divsf3.o)
                              ./arduino/Print.o (__divsf3)
/usr/local/CrossPack-AVR-20131216/lib/gcc/avr/4.8.1/../../../../avr/lib/avr51/libm.a(divsf3x.o)
                              /usr/local/CrossPack-AVR-20131216/lib/gcc/avr/4.8.1/../../../../avr/lib/avr51/libm.a(divsf3.o) (__divsf3x)
/usr/local/CrossPack-AVR-20131216/lib/gcc/avr/4.8.1/../../../../avr/lib/avr51/libm.a(fixsfsi.o)
                              ./arduino/Print.o (__fixsfsi)
/usr/local/CrossPack-AVR-20131216/lib/gcc/avr/4.8.1/../../../../avr/lib/avr51/libm.a(fixunssfsi.o)
                              ./arduino/Print.o (__fixunssfsi)
/usr/local/CrossPack-AVR-20131216/lib/gcc/avr/4.8.1/../../../../avr/lib/avr51/libm.a(floatsisf.o)
                              ./arduino/Print.o (__floatunsisf)
/usr/local/CrossPack-AVR-20131216/lib/gcc/avr/4.8.1/../../../../avr/lib/avr51/libm.a(fp_cmp.o)
                              /usr/local/CrossPack-AVR-20131216/lib/gcc/avr/4.8.1/../../../../avr/lib/avr51/libm.a(cmpsf2.o) (__fp_cmp)
/usr/local/CrossPack-AVR-20131216/lib/gcc/avr/4.8.1/../../../../avr/lib/avr51/libm.a(fp_inf.o)
                              /usr/local/CrossPack-AVR-20131216/lib/gcc/avr/4.8.1/../../../../avr/lib/avr51/libm.a(addsf3x.o) (__fp_inf)
/usr/local/CrossPack-AVR-20131216/lib/gcc/avr/4.8.1/../../../../avr/lib/avr51/libm.a(fp_nan.o)
                              /usr/local/CrossPack-AVR-20131216/lib/gcc/avr/4.8.1/../../../../avr/lib/avr51/libm.a(addsf3x.o) (__fp_nan)
/usr/local/CrossPack-AVR-20131216/lib/gcc/avr/4.8.1/../../../../avr/lib/avr51/libm.a(fp_pscA.o)
                              /usr/local/CrossPack-AVR-20131216/lib/gcc/avr/4.8.1/../../../../avr/lib/avr51/libm.a(addsf3x.o) (__fp_pscA)
/usr/local/CrossPack-AVR-20131216/lib/gcc/avr/4.8.1/../../../../avr/lib/avr51/libm.a(fp_pscB.o)
                              /usr/local/CrossPack-AVR-20131216/lib/gcc/avr/4.8.1/../../../../avr/lib/avr51/libm.a(addsf3x.o) (__fp_pscB)
/usr/local/CrossPack-AVR-20131216/lib/gcc/avr/4.8.1/../../../../avr/lib/avr51/libm.a(fp_round.o)
[...]
Memory Configuration

Name             Origin             Length             Attributes
text             0x00000000         0x00020000         xr
data             0x00800100         0x0000ff00         rw !x
eeprom           0x00810000         0x00010000         rw !x
fuse             0x00820000         0x00000400         rw !x
lock             0x00830000         0x00000400         rw !x
signature        0x00840000         0x00000400         rw !x
user_signatures  0x00850000         0x00000400         rw !x
*default*        0x00000000         0xffffffff

Linker script and memory map

Address of section .data set to 0x800100
LOAD /usr/local/CrossPack-AVR-20131216/lib/gcc/avr/4.8.1/../../../../avr/lib/avr51/crtcan128.o
LOAD ./arduino/HardwareSerial.o
LOAD ./arduino/Print.o
LOAD ./arduino/Stream.o
LOAD ./arduino/WInterrupts.o
LOAD ./arduino/WMath.o
LOAD ./arduino/WString.o
LOAD ./arduino/can_lib.o
LOAD ./arduino/new.o
LOAD ./arduino/pins_arduino.o
LOAD ./arduino/wiring.o
LOAD ./arduino/wiring_analog.o
LOAD ./arduino/wiring_digital.o
LOAD ./arduino/wiring_pulse.o
LOAD ./arduino/wiring_shift.o
LOAD ./FTDI _V1/libraries/FT_GC/FT_Transport_SPI/SPI.o
LOAD ./main.o
LOAD /usr/local/CrossPack-AVR-20131216/lib/gcc/avr/4.8.1/avr51/libgcc.a
LOAD /usr/local/CrossPack-AVR-20131216/lib/gcc/avr/4.8.1/../../../../avr/lib/avr51/libm.a
START GROUP
LOAD /usr/local/CrossPack-AVR-20131216/lib/gcc/avr/4.8.1/avr51/libgcc.a
LOAD /usr/local/CrossPack-AVR-20131216/lib/gcc/avr/4.8.1/../../../../avr/lib/avr51/libm.a
LOAD /usr/local/CrossPack-AVR-20131216/lib/gcc/avr/4.8.1/../../../../avr/lib/avr51/libc.a
END GROUP

.hash
 *(.hash)

.dynsym
 *(.dynsym)

.dynstr
 *(.dynstr)

.gnu.version
 *(.gnu.version)

.gnu.version_d
 *(.gnu.version_d)

.gnu.version_r
 *(.gnu.version_r)

.rel.init
 *(.rel.init)

.rela.init
 *(.rela.init)

.rel.text
 *(.rel.text)
 *(.rel.text.*)
 *(.rel.gnu.linkonce.t*)

.rela.text
 *(.rela.text)
 *(.rela.text.*)
 *(.rela.gnu.linkonce.t*)

.rel.fini
 *(.rel.fini)

.rela.fini
 *(.rela.fini)

.rel.rodata
 *(.rel.rodata)
 *(.rel.rodata.*)
 *(.rel.gnu.linkonce.r*)

.rela.rodata
 *(.rela.rodata)
 *(.rela.rodata.*)
 *(.rela.gnu.linkonce.r*)

.rel.data
 *(.rel.data)
 *(.rel.data.*)
 *(.rel.gnu.linkonce.d*)

.rela.data
 *(.rela.data)
 *(.rela.data.*)
 *(.rela.gnu.linkonce.d*)

.rel.ctors
 *(.rel.ctors)

.rela.ctors
 *(.rela.ctors)

.rel.dtors
 *(.rel.dtors)

.rela.dtors
 *(.rela.dtors)

.rel.got
 *(.rel.got)

.rela.got
 *(.rela.got)

.rel.bss
 *(.rel.bss)

.rela.bss
 *(.rela.bss)

.rel.plt
 *(.rel.plt)

.rela.plt
 *(.rela.plt)

.text           0x00000000     0x2f20
 *(.vectors)
 .vectors       0x00000000       0x94 /usr/local/CrossPack-AVR-20131216/lib/gcc/avr/4.8.1/../../../../avr/lib/avr51/crtcan128.o
                0x00000000                __vectors
                0x00000000                __vector_default
 *(.vectors)
 *(.progmem.gcc*)
                0x00000094                . = ALIGN (0x2)
                0x00000094                __trampolines_start = .
 *(.trampolines)
 .trampolines   0x00000094        0x0 linker stubs
 *(.trampolines*)
                0x00000094                __trampolines_end = .
 *(.progmem*)
                0x00000094                . = ALIGN (0x2)
 *(.jumptables)
 *(.jumptables*)
 *(.lowtext)
 *(.lowtext*)
                0x00000094                __ctors_start = .
 *(.ctors)
 .ctors         0x00000094        0x2 ./arduino/HardwareSerial.o
 .ctors         0x00000096        0x2 ./main.o
                0x00000098                __ctors_end = .
                0x00000098                __dtors_start = .
 *(.dtors)
 .dtors         0x00000098        0x2 ./main.o
                0x0000009a                __dtors_end = .
 SORT(*)(.ctors)
 SORT(*)(.dtors)
 *(.init0)
 .init0         0x0000009a        0x0 /usr/local/CrossPack-AVR-20131216/lib/gcc/avr/4.8.1/../../../../avr/lib/avr51/crtcan128.o
                0x0000009a                __init
 *(.init0)
 *(.init1)
 *(.init1)
 *(.init2)
 .init2         0x0000009a        0xc /usr/local/CrossPack-AVR-20131216/lib/gcc/avr/4.8.1/../../../../avr/lib/avr51/crtcan128.o
 *(.init2)
 *(.init3)
 *(.init3)
 *(.init4)
 .init4         0x000000a6       0x1a /usr/local/CrossPack-AVR-20131216/lib/gcc/avr/4.8.1/avr51/libgcc.a(_copy_data.o)
                0x000000a6                __do_copy_data
 .init4         0x000000c0       0x10 /usr/local/CrossPack-AVR-20131216/lib/gcc/avr/4.8.1/avr51/libgcc.a(_clear_bss.o)
                0x000000c0                __do_clear_bss
 *(.init4)
 *(.init5)
 *(.init5)
 *(.init6)
 .init6         0x000000d0       0x20 /usr/local/CrossPack-AVR-20131216/lib/gcc/avr/4.8.1/avr51/libgcc.a(_ctors.o)
                0x000000d0                __do_global_ctors
 *(.init6)
 *(.init7)
 *(.init7)
 *(.init8)
 *(.init8)
 *(.init9)
 .init9         0x000000f0        0x8 /usr/local/CrossPack-AVR-20131216/lib/gcc/avr/4.8.1/../../../../avr/lib/avr51/crtcan128.o
 *(.init9)
 *(.text)
 .text          0x000000f8        0x2 /usr/local/CrossPack-AVR-20131216/lib/gcc/avr/4.8.1/../../../../avr/lib/avr51/crtcan128.o
                0x000000f8                __vector_20
                0x000000f8                __vector_28
                0x000000f8                __vector_34
                0x000000f8                __vector_24
                0x000000f8                __vector_12
                0x000000f8                __bad_interrupt
                0x000000f8                __vector_31
                0x000000f8                __vector_35
                0x000000f8                __vector_23
                0x000000f8                __vector_30
                0x000000f8                __vector_25
                0x000000f8                __vector_11
                0x000000f8                __vector_13
                0x000000f8                __vector_19
                0x000000f8                __vector_27
                0x000000f8                __vector_33
                0x000000f8                __vector_9
                0x000000f8                __vector_15
                0x000000f8                __vector_36
                0x000000f8                __vector_29
                0x000000f8                __vector_26
                0x000000f8                __vector_14
                0x000000f8                __vector_10
                0x000000f8                __vector_16
                0x000000f8                __vector_18
                0x000000f8                __vector_22
                0x000000fa                . = ALIGN (0x2)
 *(.text.*)
 .text._ZN5PrintC2Ev
                0x000000fa       0x30 ./arduino/HardwareSerial.o
                0x000000fa                _ZN5PrintC1Ev
                0x000000fa                _ZN5PrintC2Ev
 .text._ZN6StreamC2Ev
                0x0000012a       0x42 ./arduino/HardwareSerial.o
                0x0000012a                _ZN6StreamC2Ev
                0x0000012a                _ZN6StreamC1Ev
 .text._ZN14HardwareSerial4peekEv
                0x0000016c       0x1c ./arduino/HardwareSerial.o
                0x0000016c                _ZN14HardwareSerial4peekEv
 .text._Z10store_charhP11ring_buffer
                0x00000188       0x8e ./arduino/HardwareSerial.o
                0x00000188                _Z10store_charhP11ring_buffer
 .text.__vector_21
                0x00000216       0x76 ./arduino/HardwareSerial.o
                0x00000216                __vector_21
 .text.__vector_32
                0x0000028c       0x76 ./arduino/HardwareSerial.o
                0x0000028c                __vector_32
 .text._ZN14HardwareSerialC2EP11ring_bufferPVhS3_S3_S3_S3_hhhhh
                0x00000302      0x100 ./arduino/HardwareSerial.o
                0x00000302                _ZN14HardwareSerialC1EP11ring_bufferPVhS3_S3_S3_S3_hhhhh
                0x00000302                _ZN14HardwareSerialC2EP11ring_bufferPVhS3_S3_S3_S3_hhhhh
 .text._ZN14HardwareSerial5beginEl
                0x00000402      0x542 ./arduino/HardwareSerial.o
                0x00000402                _ZN14HardwareSerial5beginEl
 .text._ZN14HardwareSerial9availableEv
                0x00000944       0x5e ./arduino/HardwareSerial.o
                0x00000944                _ZN14HardwareSerial9availableEv
 .text._ZN14HardwareSerial4readEv
                0x000009a2       0xbc ./arduino/HardwareSerial.o
                0x000009a2                _ZN14HardwareSerial4readEv
 .text._ZN14HardwareSerial5flushEv
                0x00000a5e       0x40 ./arduino/HardwareSerial.o
                0x00000a5e                _ZN14HardwareSerial5flushEv
 .text._ZN14HardwareSerial5writeEh
                0x00000a9e       0x6c ./arduino/HardwareSerial.o
                0x00000a9e                _ZN14HardwareSerial5writeEh
 .text._Z41__static_initialization_and_destruction_0ii
                0x00000b0a       0xf0 ./arduino/HardwareSerial.o
 .text._GLOBAL__sub_I_rx_buffer
                0x00000bfa       0x18 ./arduino/HardwareSerial.o
 .text._ZN5Print5writeEPKc
                0x00000c12       0x54 ./arduino/Print.o
                0x00000c12                _ZN5Print5writeEPKc
 .text._ZN5Print5writeEPKhj
                0x00000c66       0x8e ./arduino/Print.o
                0x00000c66                _ZN5Print5writeEPKhj
 .text._ZN5Print5printEPKc
                0x00000cf4       0x2e ./arduino/Print.o
                0x00000cf4                _ZN5Print5printEPKc
 .text._ZN5Print5printEc
                0x00000d22       0x38 ./arduino/Print.o
                0x00000d22                _ZN5Print5printEc
 .text._ZN5Print5printEmi
                0x00000d5a       0x72 ./arduino/Print.o
                0x00000d5a                _ZN5Print5printEmi
 .text._ZN5Print7printlnEv
                0x00000dcc       0x42 ./arduino/Print.o
                0x00000dcc                _ZN5Print7printlnEv
 .text._ZN5Print7printlnEPKc
                0x00000e0e       0x4e ./arduino/Print.o
                0x00000e0e                _ZN5Print7printlnEPKc
 .text._ZN5Print7printlnEmi
                0x00000e5c       0x68 ./arduino/Print.o
                0x00000e5c                _ZN5Print7printlnEmi
 .text._ZN5Print11printNumberEmh
                0x00000ec4       0xe6 ./arduino/Print.o
                0x00000ec4                _ZN5Print11printNumberEmh
 .text.__vector_1
                0x00000faa       0x78 ./arduino/WInterrupts.o
                0x00000faa                __vector_1
 .text.__vector_2
                0x00001022       0x78 ./arduino/WInterrupts.o
                0x00001022                __vector_2
 .text.__vector_3
                0x0000109a       0x78 ./arduino/WInterrupts.o
                0x0000109a                __vector_3
 .text.__vector_4
                0x00001112       0x78 ./arduino/WInterrupts.o
                0x00001112                __vector_4
 .text.__vector_5
                0x0000118a       0x78 ./arduino/WInterrupts.o
                0x0000118a                __vector_5
 .text.__vector_6
                0x00001202       0x78 ./arduino/WInterrupts.o
                0x00001202                __vector_6
 .text.__vector_7
                0x0000127a       0x78 ./arduino/WInterrupts.o
                0x0000127a                __vector_7
 .text.__vector_8
                0x000012f2       0x78 ./arduino/WInterrupts.o
                0x000012f2                __vector_8
 .text.__cxa_pure_virtual
                0x0000136a        0xe ./arduino/new.o
                0x0000136a                __cxa_pure_virtual
 .text.__vector_17
                0x00001378       0xe4 ./arduino/wiring.o
                0x00001378                __vector_17
 .text.millis   0x0000145c       0x58 ./arduino/wiring.o
                0x0000145c                millis
 .text.delay    0x000014b4       0x66 ./arduino/wiring.o
                0x000014b4                delay
 .text._ZN8SPIClass5beginEv
                0x0000151a       0xa6 ./FTDI _V1/libraries/FT_GC/FT_Transport_SPI/SPI.o
                0x0000151a                _ZN8SPIClass5beginEv
 .text._ZN8SPIClass8transferEh
                0x000015c0       0x3e ./main.o
                0x000015c0                _ZN8SPIClass8transferEh
 .text._ZN8SPIClass11setBitOrderEh
                0x000015fe       0x40 ./main.o
                0x000015fe                _ZN8SPIClass11setBitOrderEh
 .text._ZN8SPIClass11setDataModeEh
                0x0000163e       0x2c ./main.o
                0x0000163e                _ZN8SPIClass11setDataModeEh
 .text._ZN8SPIClass15setClockDividerEh
                0x0000166a       0x54 ./main.o
                0x0000166a                _ZN8SPIClass15setClockDividerEh
 .text._ZN16FT_Transport_SPIC2Ev
                0x000016be       0x18 ./main.o
                0x000016be                _ZN16FT_Transport_SPIC2Ev
                0x000016be                _ZN16FT_Transport_SPIC1Ev
 .text._ZN16FT_Transport_SPI8SetCSpinEPVhS1_h
                0x000016d6       0x5a ./main.o
                0x000016d6                _ZN16FT_Transport_SPI8SetCSpinEPVhS1_h
 .text._ZN16FT_Transport_SPID2Ev
                0x00001730       0x18 ./main.o
                0x00001730                _ZN16FT_Transport_SPID1Ev
                0x00001730                _ZN16FT_Transport_SPID2Ev
 .text._ZN16FT_Transport_SPI4InitEv
                0x00001748       0x72 ./main.o
                0x00001748                _ZN16FT_Transport_SPI4InitEv
 .text._ZN16FT_Transport_SPI11ChangeClockEm
                0x000017ba       0x4c ./main.o
                0x000017ba                _ZN16FT_Transport_SPI11ChangeClockEm
 .text._ZN16FT_Transport_SPI9StartReadEm
                0x00001806       0x7c ./main.o
                0x00001806                _ZN16FT_Transport_SPI9StartReadEm
 .text._ZN16FT_Transport_SPI10StartWriteEm
                0x00001882       0x7a ./main.o
                0x00001882                _ZN16FT_Transport_SPI10StartWriteEm
 .text._ZN16FT_Transport_SPI4ReadEm
                0x000018fc       0x54 ./main.o
                0x000018fc                _ZN16FT_Transport_SPI4ReadEm
 .text._ZN16FT_Transport_SPI6Read16Em
                0x00001950       0x5c ./main.o
                0x00001950                _ZN16FT_Transport_SPI6Read16Em
 .text._ZN16FT_Transport_SPI6Read32Em
                0x000019ac       0x70 ./main.o
                0x000019ac                _ZN16FT_Transport_SPI6Read32Em
 .text._ZN16FT_Transport_SPI5WriteEmh
                0x00001a1c       0x52 ./main.o
                0x00001a1c                _ZN16FT_Transport_SPI5WriteEmh
 .text._ZN16FT_Transport_SPI7Write16Emj
                0x00001a6e       0x60 ./main.o
                0x00001a6e                _ZN16FT_Transport_SPI7Write16Emj
 .text._ZN16FT_Transport_SPI7Write32Emm
                0x00001ace       0x7c ./main.o
                0x00001ace                _ZN16FT_Transport_SPI7Write32Emm
 .text._ZN16FT_Transport_SPI5WriteEmPhm
                0x00001b4a       0xb6 ./main.o
                0x00001b4a                _ZN16FT_Transport_SPI5WriteEmPhm
 .text._ZN16FT_Transport_SPI11EndTransferEv
                0x00001c00       0x3e ./main.o
                0x00001c00                _ZN16FT_Transport_SPI11EndTransferEv
 .text._ZN16FT_Transport_SPI8TransferEh
                0x00001c3e       0x22 ./main.o
                0x00001c3e                _ZN16FT_Transport_SPI8TransferEh
 .text._ZN16FT_Transport_SPI10Transfer32Em
                0x00001c60       0x52 ./main.o
                0x00001c60                _ZN16FT_Transport_SPI10Transfer32Em
 .text._Z15BootupConfigurev
                0x00001cb2       0x98 ./main.o
                0x00001cb2                _Z15BootupConfigurev
 .text._Z10HelloWorldv
                0x00001d4a       0x82 ./main.o
                0x00001d4a                _Z10HelloWorldv
 .text.setup    0x00001dcc       0x42 ./main.o
                0x00001dcc                setup
 .text.main     0x00001e0e       0x1c ./main.o
                0x00001e0e                main
 .text._ZN9FT801ImplI16FT_Transport_SPIEC2Ehh
                0x00001e2a       0x42 ./main.o
                0x00001e2a                _ZN9FT801ImplI16FT_Transport_SPIEC2Ehh
                0x00001e2a                _ZN9FT801ImplI16FT_Transport_SPIEC1Ehh
 .text._ZN9FT801ImplI16FT_Transport_SPIE4InitEhj
                0x00001e6c       0x36 ./main.o
                0x00001e6c                _ZN9FT801ImplI16FT_Transport_SPIE4InitEhj
 .text._ZN5FT_GCI16FT_Transport_SPIE9DisplayOnEv
                0x00001ea2       0x58 ./main.o
                0x00001ea2                _ZN5FT_GCI16FT_Transport_SPIE9DisplayOnEv
 .text._ZN5FT_GCI16FT_Transport_SPIE7DLStartEv
                0x00001efa       0x2a ./main.o
                0x00001efa                _ZN5FT_GCI16FT_Transport_SPIE7DLStartEv
 .text._ZN5FT_GCI16FT_Transport_SPIE8ColorRGBEhhh
                0x00001f24       0x54 ./main.o
                0x00001f24                _ZN5FT_GCI16FT_Transport_SPIE8ColorRGBEhhh
 .text._ZN5FT_GCI16FT_Transport_SPIE8Cmd_TextEiihjPKc
                0x00001f78       0xe4 ./main.o
                0x00001f78                _ZN5FT_GCI16FT_Transport_SPIE8Cmd_TextEiihjPKc
 .text._ZN5FT_GCI16FT_Transport_SPIE5DLEndEv
                0x0000205c       0x24 ./main.o
                0x0000205c                _ZN5FT_GCI16FT_Transport_SPIE5DLEndEv
 .text._ZN5FT_GCI16FT_Transport_SPIE6FinishEv
                0x00002080       0x8a ./main.o
                0x00002080                _ZN5FT_GCI16FT_Transport_SPIE6FinishEv
 .text._ZN5FT_GCI16FT_Transport_SPIE5ClearEv
                0x0000210a       0x26 ./main.o
                0x0000210a                _ZN5FT_GCI16FT_Transport_SPIE5ClearEv
 .text._ZN5FT_GCI16FT_Transport_SPIEC2Ev
                0x00002130       0x9a ./main.o
                0x00002130                _ZN5FT_GCI16FT_Transport_SPIEC2Ev
                0x00002130                _ZN5FT_GCI16FT_Transport_SPIEC1Ev
 .text._ZN5FT_GCI16FT_Transport_SPIED2Ev
                0x000021ca       0x1e ./main.o
                0x000021ca                _ZN5FT_GCI16FT_Transport_SPIED2Ev
                0x000021ca                _ZN5FT_GCI16FT_Transport_SPIED1Ev
 .text._ZN5FT_GCI16FT_Transport_SPIE4InitEhj
                0x000021e8       0x9a ./main.o
                0x000021e8                _ZN5FT_GCI16FT_Transport_SPIE4InitEhj
 .text._ZN5FT_GCI16FT_Transport_SPIE11Cmd_DLStartEv
                0x00002282       0x26 ./main.o
                0x00002282                _ZN5FT_GCI16FT_Transport_SPIE11Cmd_DLStartEv
 .text._ZN5FT_GCI16FT_Transport_SPIE5ClearEhhh
                0x000022a8       0x66 ./main.o
                0x000022a8                _ZN5FT_GCI16FT_Transport_SPIE5ClearEhhh
 .text._ZN5FT_GCI16FT_Transport_SPIE8WriteCmdEm
                0x0000230e       0x7a ./main.o
                0x0000230e                _ZN5FT_GCI16FT_Transport_SPIE8WriteCmdEm
 .text._ZN5FT_GCI16FT_Transport_SPIE8WriteCmdEPhm
                0x00002388       0x86 ./main.o
                0x00002388                _ZN5FT_GCI16FT_Transport_SPIE8WriteCmdEPhm
 .text._ZN5FT_GCI16FT_Transport_SPIE7DisplayEv
                0x0000240e       0x24 ./main.o
                0x0000240e                _ZN5FT_GCI16FT_Transport_SPIE7DisplayEv
 .text._ZN5FT_GCI16FT_Transport_SPIE8Cmd_SwapEv
                0x00002432       0x26 ./main.o
                0x00002432                _ZN5FT_GCI16FT_Transport_SPIE8Cmd_SwapEv
 .text._ZN5FT_GCI16FT_Transport_SPIE14EndTransferCmdEv
                0x00002458       0x52 ./main.o
                0x00002458                _ZN5FT_GCI16FT_Transport_SPIE14EndTransferCmdEv
 .text._ZN5FT_GCI16FT_Transport_SPIE5ResetEv
                0x000024aa       0x1e ./main.o
                0x000024aa                _ZN5FT_GCI16FT_Transport_SPIE5ResetEv
 .text._ZN5FT_GCI16FT_Transport_SPIE26DisplayConfigExternalClockEh
                0x000024c8      0x2f0 ./main.o
                0x000024c8                _ZN5FT_GCI16FT_Transport_SPIE26DisplayConfigExternalClockEh
 .text._ZN5FT_GCI16FT_Transport_SPIE11HostCommandEm
                0x000027b8       0x68 ./main.o
                0x000027b8                _ZN5FT_GCI16FT_Transport_SPIE11HostCommandEm
 .text._ZN5FT_GCI16FT_Transport_SPIE16StartTransferCmdEv
                0x00002820       0x46 ./main.o
                0x00002820                _ZN5FT_GCI16FT_Transport_SPIE16StartTransferCmdEv
 .text._ZN5FT_GCI16FT_Transport_SPIE11TransferCmdEm
                0x00002866       0xa2 ./main.o
                0x00002866                _ZN5FT_GCI16FT_Transport_SPIE11TransferCmdEm
 .text._ZN5FT_GCI16FT_Transport_SPIE11TransferCmdEPhm
                0x00002908      0x290 ./main.o
                0x00002908                _ZN5FT_GCI16FT_Transport_SPIE11TransferCmdEPhm
 .text._ZN5FT_GCI16FT_Transport_SPIE19ActiveInternalClockEv
                0x00002b98       0xc0 ./main.o
                0x00002b98                _ZN5FT_GCI16FT_Transport_SPIE19ActiveInternalClockEv
 .text._ZN5FT_GCI16FT_Transport_SPIE15ChkGetFreeSpaceEj
                0x00002c58      0x104 ./main.o
                0x00002c58                _ZN5FT_GCI16FT_Transport_SPIE15ChkGetFreeSpaceEj
 .text._ZN5FT_GCI16FT_Transport_SPIE15UpdateFreeSpaceEv
                0x00002d5c       0x68 ./main.o
                0x00002d5c                _ZN5FT_GCI16FT_Transport_SPIE15UpdateFreeSpaceEv
 .text._Z41__static_initialization_and_destruction_0ii
                0x00002dc4       0x5c ./main.o
 .text._ZN9FT801ImplI16FT_Transport_SPIED2Ev
                0x00002e20       0x1e ./main.o
                0x00002e20                _ZN9FT801ImplI16FT_Transport_SPIED2Ev
                0x00002e20                _ZN9FT801ImplI16FT_Transport_SPIED1Ev
 .text._GLOBAL__sub_I_FTImpl
                0x00002e3e       0x18 ./main.o
 .text._GLOBAL__sub_D_FTImpl
                0x00002e56       0x18 ./main.o
 .text.libgcc.div
                0x00002e6e       0x44 /usr/local/CrossPack-AVR-20131216/lib/gcc/avr/4.8.1/avr51/libgcc.a(_udivmodsi4.o)
                0x00002e6e                __udivmodsi4
 .text.libgcc.mul
                0x00002eb2       0x14 /usr/local/CrossPack-AVR-20131216/lib/gcc/avr/4.8.1/avr51/libgcc.a(_muluhisi3.o)
                0x00002eb2                __muluhisi3
 .text.libgcc   0x00002ec6        0x8 /usr/local/CrossPack-AVR-20131216/lib/gcc/avr/4.8.1/avr51/libgcc.a(_tablejump_elpm.o)
                0x00002ec6                __tablejump_elpm__
 .text.libgcc.mul
                0x00002ece       0x1e /usr/local/CrossPack-AVR-20131216/lib/gcc/avr/4.8.1/avr51/libgcc.a(_umulhisi3.o)
                0x00002ece                __umulhisi3
 .text.avr-libc
                0x00002eec       0x12 /usr/local/CrossPack-AVR-20131216/lib/gcc/avr/4.8.1/../../../../avr/lib/avr51/libc.a(strlen.o)
                0x00002eec                strlen
                0x00002efe                . = ALIGN (0x2)
 *(.fini9)
 .fini9         0x00002efe        0x0 /usr/local/CrossPack-AVR-20131216/lib/gcc/avr/4.8.1/avr51/libgcc.a(_exit.o)
                0x00002efe                exit
                0x00002efe                _exit
 *(.fini9)
 *(.fini8)
 *(.fini8)
 *(.fini7)
 *(.fini7)
 *(.fini6)
 .fini6         0x00002efe       0x1e /usr/local/CrossPack-AVR-20131216/lib/gcc/avr/4.8.1/avr51/libgcc.a(_dtors.o)
                0x00002efe                __do_global_dtors
 *(.fini6)
 *(.fini5)
 *(.fini5)
 *(.fini4)
 *(.fini4)
 *(.fini3)
 *(.fini3)
 *(.fini2)
 *(.fini2)
 *(.fini1)
 *(.fini1)
 *(.fini0)
 .fini0         0x00002f1c        0x4 /usr/local/CrossPack-AVR-20131216/lib/gcc/avr/4.8.1/avr51/libgcc.a(_exit.o)
 *(.fini0)
                0x00002f20                _etext = .

.data           0x00800100       0x96 load address 0x00002f20
                0x00800100                PROVIDE (__data_start, .)
 *(.data)
 .data          0x00800100        0x0 /usr/local/CrossPack-AVR-20131216/lib/gcc/avr/4.8.1/../../../../avr/lib/avr51/crtcan128.o
 .data          0x00800100        0x0 ./arduino/HardwareSerial.o
 .data          0x00800100        0x0 ./arduino/Print.o
 .data          0x00800100        0x0 ./arduino/Stream.o
 .data          0x00800100        0x0 ./arduino/WInterrupts.o
 .data          0x00800100        0x0 ./arduino/WMath.o
 .data          0x00800100        0x0 ./arduino/WString.o
 .data          0x00800100        0x0 ./arduino/can_lib.o
 .data          0x00800100        0x0 ./arduino/new.o
 .data          0x00800100        0x0 ./arduino/pins_arduino.o
 .data          0x00800100        0x0 ./arduino/wiring.o
 .data          0x00800100        0x0 ./arduino/wiring_analog.o
 .data          0x00800100        0x0 ./arduino/wiring_digital.o
 .data          0x00800100        0x0 ./arduino/wiring_pulse.o
 .data          0x00800100        0x0 ./arduino/wiring_shift.o
 .data          0x00800100        0x0 ./FTDI _V1/libraries/FT_GC/FT_Transport_SPI/SPI.o
 .data          0x00800100        0x0 ./main.o
 .data          0x00800100        0x0 /usr/local/CrossPack-AVR-20131216/lib/gcc/avr/4.8.1/avr51/libgcc.a(_mulsi3.o)
 .data          0x00800100        0x0 /usr/local/CrossPack-AVR-20131216/lib/gcc/avr/4.8.1/avr51/libgcc.a(_udivmodsi4.o)
 .data          0x00800100        0x0 /usr/local/CrossPack-AVR-20131216/lib/gcc/avr/4.8.1/avr51/libgcc.a(_divmodsi4.o)
 .data          0x00800100        0x0 /usr/local/CrossPack-AVR-20131216/lib/gcc/avr/4.8.1/avr51/libgcc.a(_negsi2.o)
 .data          0x00800100        0x0 /usr/local/CrossPack-AVR-20131216/lib/gcc/avr/4.8.1/avr51/libgcc.a(_exit.o)
 .data          0x00800100        0x0 /usr/local/CrossPack-AVR-20131216/lib/gcc/avr/4.8.1/avr51/libgcc.a(_tablejump.o)
 .data          0x00800100        0x0 /usr/local/CrossPack-AVR-20131216/lib/gcc/avr/4.8.1/avr51/libgcc.a(_copy_data.o)
 .data          0x00800100        0x0 /usr/local/CrossPack-AVR-20131216/lib/gcc/avr/4.8.1/avr51/libgcc.a(_clear_bss.o)
 .data          0x00800100        0x0 /usr/local/CrossPack-AVR-20131216/lib/gcc/avr/4.8.1/avr51/libgcc.a(_ctors.o)
 .data          0x00800100        0x0 /usr/local/CrossPack-AVR-20131216/lib/gcc/avr/4.8.1/avr51/libgcc.a(_dtors.o)
 .data          0x00800100        0x0 /usr/local/CrossPack-AVR-20131216/lib/gcc/avr/4.8.1/avr51/libgcc.a(_muluhisi3.o)
 .data          0x00800100        0x0 /usr/local/CrossPack-AVR-20131216/lib/gcc/avr/4.8.1/avr51/libgcc.a(_tablejump_elpm.o)
 .data          0x00800100        0x0 /usr/local/CrossPack-AVR-20131216/lib/gcc/avr/4.8.1/avr51/libgcc.a(_umulhisi3.o)
 .data          0x00800100        0x0 /usr/local/CrossPack-AVR-20131216/lib/gcc/avr/4.8.1/../../../../avr/lib/avr51/libm.a(addsf3.o)
 .data          0x00800100        0x0 /usr/local/CrossPack-AVR-20131216/lib/gcc/avr/4.8.1/../../../../avr/lib/avr51/libm.a(addsf3x.o)
 .data          0x00800100        0x0 /usr/local/CrossPack-AVR-20131216/lib/gcc/avr/4.8.1/../../../../avr/lib/avr51/libm.a(cmpsf2.o)
 .data          0x00800100        0x0 /usr/local/CrossPack-AVR-20131216/lib/gcc/avr/4.8.1/../../../../avr/lib/avr51/libm.a(divsf3.o)
 .data          0x00800100        0x0 /usr/local/CrossPack-AVR-20131216/lib/gcc/avr/4.8.1/../../../../avr/lib/avr51/libm.a(divsf3x.o)
 .data          0x00800100        0x0 /usr/local/CrossPack-AVR-20131216/lib/gcc/avr/4.8.1/../../../../avr/lib/avr51/libm.a(fixsfsi.o)
 .data          0x00800100        0x0 /usr/local/CrossPack-AVR-20131216/lib/gcc/avr/4.8.1/../../../../avr/lib/avr51/libm.a(fixunssfsi.o)
 .data          0x00800100        0x0 /usr/local/CrossPack-AVR-20131216/lib/gcc/avr/4.8.1/../../../../avr/lib/avr51/libm.a(floatsisf.o)
 .data          0x00800100        0x0 /usr/local/CrossPack-AVR-20131216/lib/gcc/avr/4.8.1/../../../../avr/lib/avr51/libm.a(fp_cmp.o)
 .data          0x00800100        0x0 /usr/local/CrossPack-AVR-20131216/lib/gcc/avr/4.8.1/../../../../avr/lib/avr51/libm.a(fp_inf.o)
 .data          0x00800100        0x0 /usr/local/CrossPack-AVR-20131216/lib/gcc/avr/4.8.1/../../../../avr/lib/avr51/libm.a(fp_nan.o)
 .data          0x00800100        0x0 /usr/local/CrossPack-AVR-20131216/lib/gcc/avr/4.8.1/../../../../avr/lib/avr51/libm.a(fp_pscA.o)
 .data          0x00800100        0x0 /usr/local/CrossPack-AVR-20131216/lib/gcc/avr/4.8.1/../../../../avr/lib/avr51/libm.a(fp_pscB.o)
 .data          0x00800100        0x0 /usr/local/CrossPack-AVR-20131216/lib/gcc/avr/4.8.1/../../../../avr/lib/avr51/libm.a(fp_round.o)
 .data          0x00800100        0x0 /usr/local/CrossPack-AVR-20131216/lib/gcc/avr/4.8.1/../../../../avr/lib/avr51/libm.a(fp_split3.o)
 .data          0x00800100        0x0 /usr/local/CrossPack-AVR-20131216/lib/gcc/avr/4.8.1/../../../../avr/lib/avr51/libm.a(fp_zero.o)
 .data          0x00800100        0x0 /usr/local/CrossPack-AVR-20131216/lib/gcc/avr/4.8.1/../../../../avr/lib/avr51/libm.a(mulsf3.o)
 .data          0x00800100        0x0 /usr/local/CrossPack-AVR-20131216/lib/gcc/avr/4.8.1/../../../../avr/lib/avr51/libm.a(mulsf3x.o)
 .data          0x00800100        0x6 /usr/local/CrossPack-AVR-20131216/lib/gcc/avr/4.8.1/../../../../avr/lib/avr51/libc.a(malloc.o)
                0x00800100                __malloc_heap_end
                0x00800102                __malloc_heap_start
                0x00800104                __malloc_margin
 .data          0x00800106        0x4 /usr/local/CrossPack-AVR-20131216/lib/gcc/avr/4.8.1/../../../../avr/lib/avr51/libc.a(random.o)
 .data          0x0080010a        0x0 /usr/local/CrossPack-AVR-20131216/lib/gcc/avr/4.8.1/../../../../avr/lib/avr51/libc.a(realloc.o)
 .data          0x0080010a        0x0 /usr/local/CrossPack-AVR-20131216/lib/gcc/avr/4.8.1/../../../../avr/lib/avr51/libc.a(atol.o)
 .data          0x0080010a        0x0 /usr/local/CrossPack-AVR-20131216/lib/gcc/avr/4.8.1/../../../../avr/lib/avr51/libc.a(isspace.o)
 .data          0x0080010a        0x0 /usr/local/CrossPack-AVR-20131216/lib/gcc/avr/4.8.1/../../../../avr/lib/avr51/libc.a(tolower.o)
 .data          0x0080010a        0x0 /usr/local/CrossPack-AVR-20131216/lib/gcc/avr/4.8.1/../../../../avr/lib/avr51/libc.a(toupper.o)
 .data          0x0080010a        0x0 /usr/local/CrossPack-AVR-20131216/lib/gcc/avr/4.8.1/../../../../avr/lib/avr51/libc.a(memcpy.o)
 .data          0x0080010a        0x0 /usr/local/CrossPack-AVR-20131216/lib/gcc/avr/4.8.1/../../../../avr/lib/avr51/libc.a(memmove.o)
 .data          0x0080010a        0x0 /usr/local/CrossPack-AVR-20131216/lib/gcc/avr/4.8.1/../../../../avr/lib/avr51/libc.a(strchr.o)
 .data          0x0080010a        0x0 /usr/local/CrossPack-AVR-20131216/lib/gcc/avr/4.8.1/../../../../avr/lib/avr51/libc.a(strcmp.o)
 .data          0x0080010a        0x0 /usr/local/CrossPack-AVR-20131216/lib/gcc/avr/4.8.1/../../../../avr/lib/avr51/libc.a(strcpy.o)
 .data          0x0080010a        0x0 /usr/local/CrossPack-AVR-20131216/lib/gcc/avr/4.8.1/../../../../avr/lib/avr51/libc.a(strlen.o)
 .data          0x0080010a        0x0 /usr/local/CrossPack-AVR-20131216/lib/gcc/avr/4.8.1/../../../../avr/lib/avr51/libc.a(strncmp.o)
 .data          0x0080010a        0x0 /usr/local/CrossPack-AVR-20131216/lib/gcc/avr/4.8.1/../../../../avr/lib/avr51/libc.a(strncpy.o)
 .data          0x0080010a        0x0 /usr/local/CrossPack-AVR-20131216/lib/gcc/avr/4.8.1/../../../../avr/lib/avr51/libc.a(strrchr.o)
 .data          0x0080010a        0x0 /usr/local/CrossPack-AVR-20131216/lib/gcc/avr/4.8.1/../../../../avr/lib/avr51/libc.a(strstr.o)
 .data          0x0080010a        0x0 /usr/local/CrossPack-AVR-20131216/lib/gcc/avr/4.8.1/../../../../avr/lib/avr51/libc.a(itoa.o)
 .data          0x0080010a        0x0 /usr/local/CrossPack-AVR-20131216/lib/gcc/avr/4.8.1/../../../../avr/lib/avr51/libc.a(itoa_ncheck.o)
 .data          0x0080010a        0x0 /usr/local/CrossPack-AVR-20131216/lib/gcc/avr/4.8.1/../../../../avr/lib/avr51/libc.a(ltoa.o)
 .data          0x0080010a        0x0 /usr/local/CrossPack-AVR-20131216/lib/gcc/avr/4.8.1/../../../../avr/lib/avr51/libc.a(ltoa_ncheck.o)
 .data          0x0080010a        0x0 /usr/local/CrossPack-AVR-20131216/lib/gcc/avr/4.8.1/../../../../avr/lib/avr51/libc.a(mulsi10.o)
 .data          0x0080010a        0x0 /usr/local/CrossPack-AVR-20131216/lib/gcc/avr/4.8.1/../../../../avr/lib/avr51/libc.a(ultoa.o)
 .data          0x0080010a        0x0 /usr/local/CrossPack-AVR-20131216/lib/gcc/avr/4.8.1/../../../../avr/lib/avr51/libc.a(ultoa_ncheck.o)
 .data          0x0080010a        0x0 /usr/local/CrossPack-AVR-20131216/lib/gcc/avr/4.8.1/../../../../avr/lib/avr51/libc.a(utoa.o)
 .data          0x0080010a        0x0 /usr/local/CrossPack-AVR-20131216/lib/gcc/avr/4.8.1/../../../../avr/lib/avr51/libc.a(utoa_ncheck.o)
 .data          0x0080010a        0x0 /usr/local/CrossPack-AVR-20131216/lib/gcc/avr/4.8.1/../../../../avr/lib/avr51/libc.a(cty_isfalse.o)
 .data          0x0080010a        0x0 /usr/local/CrossPack-AVR-20131216/lib/gcc/avr/4.8.1/../../../../avr/lib/avr51/libc.a(strrev.o)
 .data          0x0080010a        0x0 /usr/local/CrossPack-AVR-20131216/lib/gcc/avr/4.8.1/avr51/libgcc.a(_mulshisi3.o)
 *(.data*)
 *(.rodata)
 .rodata        0x0080010a       0x63 ./main.o
 *(.rodata*)
 .rodata._ZTV14HardwareSerial
                0x0080016d       0x10 ./arduino/HardwareSerial.o
                0x0080016d                _ZTV14HardwareSerial
 .rodata._ZTV6Stream
                0x0080017d       0x10 ./arduino/HardwareSerial.o
                0x0080017d                _ZTV6Stream
 .rodata._ZTV5Print
                0x0080018d        0x8 ./arduino/Print.o
                0x0080018d                _ZTV5Print
 *(.gnu.linkonce.d*)
                0x00800196                . = ALIGN (0x2)
 *fill*         0x00800195        0x1 
                0x00800196                _edata = .
                0x00800196                PROVIDE (__data_end, .)

.bss            0x00800196      0x170
                0x00800196                PROVIDE (__bss_start, .)
 *(.bss)
 *(.bss*)
 .bss.rx_buffer
                0x00800196       0x84 ./arduino/HardwareSerial.o
                0x00800196                rx_buffer
 .bss.rx_buffer1
                0x0080021a       0x84 ./arduino/HardwareSerial.o
                0x0080021a                rx_buffer1
 .bss.Serial    0x0080029e       0x1d ./arduino/HardwareSerial.o
                0x0080029e                Serial
 .bss.Serial1   0x008002bb       0x1d ./arduino/HardwareSerial.o
                0x008002bb                Serial1
 .bss.intFunc   0x008002d8       0x10 ./arduino/WInterrupts.o
 .bss.timer0_overflow_count
                0x008002e8        0x4 ./arduino/wiring.o
                0x008002e8                timer0_overflow_count
 .bss.timer0_millis
                0x008002ec        0x4 ./arduino/wiring.o
                0x008002ec                timer0_millis
 .bss.timer0_fract
                0x008002f0        0x1 ./arduino/wiring.o
 .bss._ZN8SPIClass11initializedE
                0x008002f1        0x1 ./FTDI _V1/libraries/FT_GC/FT_Transport_SPI/SPI.o
                0x008002f1                _ZN8SPIClass11initializedE
 .bss.FTImpl    0x008002f2       0x14 ./main.o
                0x008002f2                FTImpl
 *(COMMON)
                0x00800306                PROVIDE (__bss_end, .)
                0x00002f20                __data_load_start = LOADADDR (.data)
                0x00002fb6                __data_load_end = (__data_load_start + SIZEOF (.data))

.noinit         0x00800306        0x0
                0x00800306                PROVIDE (__noinit_start, .)
 *(.noinit*)
                0x00800306                PROVIDE (__noinit_end, .)
                0x00800306                _end = .
                0x00800306                PROVIDE (__heap_start, .)

.eeprom         0x00810000        0x0
 *(.eeprom*)
                0x00810000                __eeprom_end = .

.fuse
 *(.fuse)
 *(.lfuse)
 *(.hfuse)
 *(.efuse)

.lock
 *(.lock*)

.signature
 *(.signature*)

.user_signatures
 *(.user_signatures*)

.stab           0x00000000     0x7680
 *(.stab)
 .stab          0x00000000      0xce4 ./arduino/HardwareSerial.o
 .stab          0x00000ce4      0xb10 ./arduino/Print.o
                               0x1674 (size before relaxing)
 .stab          0x000017f4      0x630 ./arduino/Stream.o
                               0x126c (size before relaxing)
 .stab          0x00001e24      0x720 ./arduino/WInterrupts.o
                                0x9cc (size before relaxing)
 .stab          0x00002544      0x348 ./arduino/WMath.o
                                0x564 (size before relaxing)
 .stab          0x0000288c      0x504 ./arduino/WString.o
                               0x2bec (size before relaxing)
 .stab          0x00002d90      0x594 ./arduino/can_lib.o
                               0x1938 (size before relaxing)
 .stab          0x00003324      0x384 ./arduino/new.o
                                0x48c (size before relaxing)
 .stab          0x000036a8      0x33c ./arduino/pins_arduino.o
                                0x5e8 (size before relaxing)
 .stab          0x000039e4      0x4b0 ./arduino/wiring.o
                                0x9d8 (size before relaxing)
 .stab          0x00003e94      0x2dc ./arduino/wiring_analog.o
                                0x96c (size before relaxing)
 .stab          0x00004170      0x2dc ./arduino/wiring_digital.o
                                0xb1c (size before relaxing)
 .stab          0x0000444c      0x2dc ./arduino/wiring_pulse.o
                                0x834 (size before relaxing)
 .stab          0x00004728      0x2d0 ./arduino/wiring_shift.o
                                0x618 (size before relaxing)
 .stab          0x000049f8      0x5dc ./FTDI _V1/libraries/FT_GC/FT_Transport_SPI/SPI.o
                                0x954 (size before relaxing)
 .stab          0x00004fd4     0x26ac ./main.o
                               0x26b8 (size before relaxing)

.stabstr        0x00000000     0x7e44
 *(.stabstr)
 .stabstr       0x00000000     0x7e44 ./arduino/HardwareSerial.o

.stab.excl
 *(.stab.excl)

.stab.exclstr
 *(.stab.exclstr)

.stab.index
 *(.stab.index)

.stab.indexstr
 *(.stab.indexstr)

.comment        0x00000000       0x11
 *(.comment)
 .comment       0x00000000       0x11 ./arduino/HardwareSerial.o
                                 0x12 (size before relaxing)
 .comment       0x00000000       0x12 ./arduino/Print.o
 .comment       0x00000000       0x12 ./arduino/Stream.o
 .comment       0x00000000       0x12 ./arduino/WInterrupts.o
 .comment       0x00000000       0x12 ./arduino/WMath.o
 .comment       0x00000000       0x12 ./arduino/WString.o
 .comment       0x00000000       0x12 ./arduino/can_lib.o
 .comment       0x00000000       0x12 ./arduino/new.o
 .comment       0x00000000       0x12 ./arduino/pins_arduino.o
 .comment       0x00000000       0x12 ./arduino/wiring.o
 .comment       0x00000000       0x12 ./arduino/wiring_analog.o
 .comment       0x00000000       0x12 ./arduino/wiring_digital.o
 .comment       0x00000000       0x12 ./arduino/wiring_pulse.o
 .comment       0x00000000       0x12 ./arduino/wiring_shift.o
 .comment       0x00000000       0x12 ./FTDI _V1/libraries/FT_GC/FT_Transport_SPI/SPI.o
 .comment       0x00000000       0x12 ./main.o
 .comment       0x00000000       0x12 /usr/local/CrossPack-AVR-20131216/lib/gcc/avr/4.8.1/../../../../avr/lib/avr51/libc.a(malloc.o)
 .comment       0x00000000       0x12 /usr/local/CrossPack-AVR-20131216/lib/gcc/avr/4.8.1/../../../../avr/lib/avr51/libc.a(random.o)
 .comment       0x00000000       0x12 /usr/local/CrossPack-AVR-20131216/lib/gcc/avr/4.8.1/../../../../avr/lib/avr51/libc.a(realloc.o)

.debug
 *(.debug)

.line
 *(.line)

.debug_srcinfo
 *(.debug_srcinfo)

.debug_sfnames
 *(.debug_sfnames)

.debug_aranges  0x00000000      0x1c0
 *(.debug_aranges)
 .debug_aranges
                0x00000000       0x20 /usr/local/CrossPack-AVR-20131216/lib/gcc/avr/4.8.1/avr51/libgcc.a(_mulsi3.o)
 .debug_aranges
                0x00000020       0x20 /usr/local/CrossPack-AVR-20131216/lib/gcc/avr/4.8.1/avr51/libgcc.a(_udivmodsi4.o)
 .debug_aranges
                0x00000040       0x20 /usr/local/CrossPack-AVR-20131216/lib/gcc/avr/4.8.1/avr51/libgcc.a(_divmodsi4.o)
 .debug_aranges
                0x00000060       0x20 /usr/local/CrossPack-AVR-20131216/lib/gcc/avr/4.8.1/avr51/libgcc.a(_negsi2.o)
 .debug_aranges
                0x00000080       0x20 /usr/local/CrossPack-AVR-20131216/lib/gcc/avr/4.8.1/avr51/libgcc.a(_exit.o)
 .debug_aranges
                0x000000a0       0x20 /usr/local/CrossPack-AVR-20131216/lib/gcc/avr/4.8.1/avr51/libgcc.a(_tablejump.o)
 .debug_aranges
                0x000000c0       0x20 /usr/local/CrossPack-AVR-20131216/lib/gcc/avr/4.8.1/avr51/libgcc.a(_copy_data.o)
 .debug_aranges
                0x000000e0       0x20 /usr/local/CrossPack-AVR-20131216/lib/gcc/avr/4.8.1/avr51/libgcc.a(_clear_bss.o)
 .debug_aranges
                0x00000100       0x20 /usr/local/CrossPack-AVR-20131216/lib/gcc/avr/4.8.1/avr51/libgcc.a(_ctors.o)
 .debug_aranges
                0x00000120       0x20 /usr/local/CrossPack-AVR-20131216/lib/gcc/avr/4.8.1/avr51/libgcc.a(_dtors.o)
 .debug_aranges
                0x00000140       0x20 /usr/local/CrossPack-AVR-20131216/lib/gcc/avr/4.8.1/avr51/libgcc.a(_muluhisi3.o)
 .debug_aranges
                0x00000160       0x20 /usr/local/CrossPack-AVR-20131216/lib/gcc/avr/4.8.1/avr51/libgcc.a(_tablejump_elpm.o)
 .debug_aranges
                0x00000180       0x20 /usr/local/CrossPack-AVR-20131216/lib/gcc/avr/4.8.1/avr51/libgcc.a(_umulhisi3.o)
 .debug_aranges
                0x000001a0       0x20 /usr/local/CrossPack-AVR-20131216/lib/gcc/avr/4.8.1/avr51/libgcc.a(_mulshisi3.o)

.debug_pubnames
 *(.debug_pubnames)

.debug_info     0x00000000      0xa72
 *(.debug_info)
 .debug_info    0x00000000       0xbf /usr/local/CrossPack-AVR-20131216/lib/gcc/avr/4.8.1/avr51/libgcc.a(_mulsi3.o)
 .debug_info    0x000000bf       0xbf /usr/local/CrossPack-AVR-20131216/lib/gcc/avr/4.8.1/avr51/libgcc.a(_udivmodsi4.o)
 .debug_info    0x0000017e       0xbf /usr/local/CrossPack-AVR-20131216/lib/gcc/avr/4.8.1/avr51/libgcc.a(_divmodsi4.o)
 .debug_info    0x0000023d       0xbf /usr/local/CrossPack-AVR-20131216/lib/gcc/avr/4.8.1/avr51/libgcc.a(_negsi2.o)
 .debug_info    0x000002fc       0xbf /usr/local/CrossPack-AVR-20131216/lib/gcc/avr/4.8.1/avr51/libgcc.a(_exit.o)
 .debug_info    0x000003bb       0xbf /usr/local/CrossPack-AVR-20131216/lib/gcc/avr/4.8.1/avr51/libgcc.a(_tablejump.o)
 .debug_info    0x0000047a       0xbf /usr/local/CrossPack-AVR-20131216/lib/gcc/avr/4.8.1/avr51/libgcc.a(_copy_data.o)
 .debug_info    0x00000539       0xbf /usr/local/CrossPack-AVR-20131216/lib/gcc/avr/4.8.1/avr51/libgcc.a(_clear_bss.o)
 .debug_info    0x000005f8       0xbf /usr/local/CrossPack-AVR-20131216/lib/gcc/avr/4.8.1/avr51/libgcc.a(_ctors.o)
 .debug_info    0x000006b7       0xbf /usr/local/CrossPack-AVR-20131216/lib/gcc/avr/4.8.1/avr51/libgcc.a(_dtors.o)
 .debug_info    0x00000776       0xbf /usr/local/CrossPack-AVR-20131216/lib/gcc/avr/4.8.1/avr51/libgcc.a(_muluhisi3.o)
 .debug_info    0x00000835       0xbf /usr/local/CrossPack-AVR-20131216/lib/gcc/avr/4.8.1/avr51/libgcc.a(_tablejump_elpm.o)
 .debug_info    0x000008f4       0xbf /usr/local/CrossPack-AVR-20131216/lib/gcc/avr/4.8.1/avr51/libgcc.a(_umulhisi3.o)
 .debug_info    0x000009b3       0xbf /usr/local/CrossPack-AVR-20131216/lib/gcc/avr/4.8.1/avr51/libgcc.a(_mulshisi3.o)
 *(.gnu.linkonce.wi.*)

.debug_abbrev   0x00000000      0x118
 *(.debug_abbrev)
 .debug_abbrev  0x00000000       0x14 /usr/local/CrossPack-AVR-20131216/lib/gcc/avr/4.8.1/avr51/libgcc.a(_mulsi3.o)
 .debug_abbrev  0x00000014       0x14 /usr/local/CrossPack-AVR-20131216/lib/gcc/avr/4.8.1/avr51/libgcc.a(_udivmodsi4.o)
 .debug_abbrev  0x00000028       0x14 /usr/local/CrossPack-AVR-20131216/lib/gcc/avr/4.8.1/avr51/libgcc.a(_divmodsi4.o)
 .debug_abbrev  0x0000003c       0x14 /usr/local/CrossPack-AVR-20131216/lib/gcc/avr/4.8.1/avr51/libgcc.a(_negsi2.o)
 .debug_abbrev  0x00000050       0x14 /usr/local/CrossPack-AVR-20131216/lib/gcc/avr/4.8.1/avr51/libgcc.a(_exit.o)
 .debug_abbrev  0x00000064       0x14 /usr/local/CrossPack-AVR-20131216/lib/gcc/avr/4.8.1/avr51/libgcc.a(_tablejump.o)
 .debug_abbrev  0x00000078       0x14 /usr/local/CrossPack-AVR-20131216/lib/gcc/avr/4.8.1/avr51/libgcc.a(_copy_data.o)
 .debug_abbrev  0x0000008c       0x14 /usr/local/CrossPack-AVR-20131216/lib/gcc/avr/4.8.1/avr51/libgcc.a(_clear_bss.o)
 .debug_abbrev  0x000000a0       0x14 /usr/local/CrossPack-AVR-20131216/lib/gcc/avr/4.8.1/avr51/libgcc.a(_ctors.o)
 .debug_abbrev  0x000000b4       0x14 /usr/local/CrossPack-AVR-20131216/lib/gcc/avr/4.8.1/avr51/libgcc.a(_dtors.o)
 .debug_abbrev  0x000000c8       0x14 /usr/local/CrossPack-AVR-20131216/lib/gcc/avr/4.8.1/avr51/libgcc.a(_muluhisi3.o)
 .debug_abbrev  0x000000dc       0x14 /usr/local/CrossPack-AVR-20131216/lib/gcc/avr/4.8.1/avr51/libgcc.a(_tablejump_elpm.o)
 .debug_abbrev  0x000000f0       0x14 /usr/local/CrossPack-AVR-20131216/lib/gcc/avr/4.8.1/avr51/libgcc.a(_umulhisi3.o)
 .debug_abbrev  0x00000104       0x14 /usr/local/CrossPack-AVR-20131216/lib/gcc/avr/4.8.1/avr51/libgcc.a(_mulshisi3.o)

.debug_line     0x00000000      0x559
 *(.debug_line)
 .debug_line    0x00000000       0x65 /usr/local/CrossPack-AVR-20131216/lib/gcc/avr/4.8.1/avr51/libgcc.a(_mulsi3.o)
 .debug_line    0x00000065       0x78 /usr/local/CrossPack-AVR-20131216/lib/gcc/avr/4.8.1/avr51/libgcc.a(_udivmodsi4.o)
 .debug_line    0x000000dd       0x6a /usr/local/CrossPack-AVR-20131216/lib/gcc/avr/4.8.1/avr51/libgcc.a(_divmodsi4.o)
 .debug_line    0x00000147       0x58 /usr/local/CrossPack-AVR-20131216/lib/gcc/avr/4.8.1/avr51/libgcc.a(_negsi2.o)
 .debug_line    0x0000019f       0x58 /usr/local/CrossPack-AVR-20131216/lib/gcc/avr/4.8.1/avr51/libgcc.a(_exit.o)
 .debug_line    0x000001f7       0x5c /usr/local/CrossPack-AVR-20131216/lib/gcc/avr/4.8.1/avr51/libgcc.a(_tablejump.o)
 .debug_line    0x00000253       0x63 /usr/local/CrossPack-AVR-20131216/lib/gcc/avr/4.8.1/avr51/libgcc.a(_copy_data.o)
 .debug_line    0x000002b6       0x5e /usr/local/CrossPack-AVR-20131216/lib/gcc/avr/4.8.1/avr51/libgcc.a(_clear_bss.o)
 .debug_line    0x00000314       0x65 /usr/local/CrossPack-AVR-20131216/lib/gcc/avr/4.8.1/avr51/libgcc.a(_ctors.o)
 .debug_line    0x00000379       0x65 /usr/local/CrossPack-AVR-20131216/lib/gcc/avr/4.8.1/avr51/libgcc.a(_dtors.o)
 .debug_line    0x000003de       0x60 /usr/local/CrossPack-AVR-20131216/lib/gcc/avr/4.8.1/avr51/libgcc.a(_muluhisi3.o)
 .debug_line    0x0000043e       0x5a /usr/local/CrossPack-AVR-20131216/lib/gcc/avr/4.8.1/avr51/libgcc.a(_tablejump_elpm.o)
 .debug_line    0x00000498       0x65 /usr/local/CrossPack-AVR-20131216/lib/gcc/avr/4.8.1/avr51/libgcc.a(_umulhisi3.o)
 .debug_line    0x000004fd       0x5c /usr/local/CrossPack-AVR-20131216/lib/gcc/avr/4.8.1/avr51/libgcc.a(_mulshisi3.o)

.debug_frame
 *(.debug_frame)

.debug_str
 *(.debug_str)

.debug_loc
 *(.debug_loc)

.debug_macinfo
 *(.debug_macinfo)

.debug_pubtypes
 *(.debug_pubtypes)

.debug_ranges
 *(.debug_ranges)

.debug_macro
 *(.debug_macro)
OUTPUT(FE2015Dashboard.elf elf32-avr)
LOAD linker stubs

Cross Reference Table

Symbol                                            File
BootupConfigure()                                 ./main.o
CAN                                               ./arduino/can_lib.o
FT801Impl<FT_Transport_SPI>::FT801Impl(unsigned char, unsigned char) ./main.o
FT801Impl<FT_Transport_SPI>::FT801Impl(unsigned char, unsigned char) ./main.o
FT801Impl<FT_Transport_SPI>::Init(unsigned char, unsigned int) ./main.o
FT801Impl<FT_Transport_SPI>::~FT801Impl()         ./main.o
FT801Impl<FT_Transport_SPI>::~FT801Impl()         ./main.o
FTImpl                                            ./main.o
FT_GC<FT_Transport_SPI>::ActiveInternalClock()    ./main.o
FT_GC<FT_Transport_SPI>::ChkGetFreeSpace(unsigned int) ./main.o
FT_GC<FT_Transport_SPI>::Clear()                  ./main.o
FT_GC<FT_Transport_SPI>::Clear(unsigned char, unsigned char, unsigned char) ./main.o
FT_GC<FT_Transport_SPI>::Cmd_DLStart()            ./main.o
FT_GC<FT_Transport_SPI>::Cmd_Swap()               ./main.o
FT_GC<FT_Transport_SPI>::Cmd_Text(int, int, unsigned char, unsigned int, char const*) ./main.o
FT_GC<FT_Transport_SPI>::ColorRGB(unsigned char, unsigned char, unsigned char) ./main.o
FT_GC<FT_Transport_SPI>::DLEnd()                  ./main.o
FT_GC<FT_Transport_SPI>::DLStart()                ./main.o
FT_GC<FT_Transport_SPI>::Display()                ./main.o
FT_GC<FT_Transport_SPI>::DisplayConfigExternalClock(unsigned char) ./main.o
FT_GC<FT_Transport_SPI>::DisplayOn()              ./main.o
FT_GC<FT_Transport_SPI>::EndTransferCmd()         ./main.o
FT_GC<FT_Transport_SPI>::FT_GC()                  ./main.o
FT_GC<FT_Transport_SPI>::FT_GC()                  ./main.o
FT_GC<FT_Transport_SPI>::Finish()                 ./main.o
FT_GC<FT_Transport_SPI>::HostCommand(unsigned long) ./main.o
FT_GC<FT_Transport_SPI>::Init(unsigned char, unsigned int) ./main.o
FT_GC<FT_Transport_SPI>::Reset()                  ./main.o
FT_GC<FT_Transport_SPI>::StartTransferCmd()       ./main.o
FT_GC<FT_Transport_SPI>::TransferCmd(unsigned char*, unsigned long) ./main.o
FT_GC<FT_Transport_SPI>::TransferCmd(unsigned long) ./main.o
FT_GC<FT_Transport_SPI>::UpdateFreeSpace()        ./main.o
FT_GC<FT_Transport_SPI>::WriteCmd(unsigned char*, unsigned long) ./main.o
FT_GC<FT_Transport_SPI>::WriteCmd(unsigned long)  ./main.o
FT_GC<FT_Transport_SPI>::~FT_GC()                 ./main.o
FT_GC<FT_Transport_SPI>::~FT_GC()                 ./main.o
FT_Transport_SPI::ChangeClock(unsigned long)      ./main.o
FT_Transport_SPI::EndTransfer()                   ./main.o
FT_Transport_SPI::FT_Transport_SPI()              ./main.o
FT_Transport_SPI::FT_Transport_SPI()              ./main.o
FT_Transport_SPI::Init()                          ./main.o
FT_Transport_SPI::Read(unsigned long)             ./main.o
FT_Transport_SPI::Read16(unsigned long)           ./main.o
FT_Transport_SPI::Read32(unsigned long)           ./main.o
FT_Transport_SPI::SetCSpin(unsigned char volatile*, unsigned char volatile*, unsigned char) ./main.o
FT_Transport_SPI::StartRead(unsigned long)        ./main.o
FT_Transport_SPI::StartWrite(unsigned long)       ./main.o
FT_Transport_SPI::Transfer(unsigned char)         ./main.o
FT_Transport_SPI::Transfer32(unsigned long)       ./main.o
FT_Transport_SPI::Write(unsigned long, unsigned char) ./main.o
FT_Transport_SPI::Write(unsigned long, unsigned char*, unsigned long) ./main.o
FT_Transport_SPI::Write16(unsigned long, unsigned int) ./main.o
FT_Transport_SPI::Write32(unsigned long, unsigned long) ./main.o
FT_Transport_SPI::~FT_Transport_SPI()             ./main.o
FT_Transport_SPI::~FT_Transport_SPI()             ./main.o
HardwareSerial::HardwareSerial(ring_buffer*, unsigned char volatile*, unsigned char volatile*, unsigned char volatile*, unsigned char volatile*, unsigned char volatile*, unsigned char, unsigned char, unsigned char, unsigned char, unsigned char) ./arduino/HardwareSerial.o
HardwareSerial::HardwareSerial(ring_buffer*, unsigned char volatile*, unsigned char volatile*, unsigned char volatile*, unsigned char volatile*, unsigned char volatile*, unsigned char, unsigned char, unsigned char, unsigned char, unsigned char) ./arduino/HardwareSerial.o
HardwareSerial::available()                       ./arduino/HardwareSerial.o
HardwareSerial::begin(long)                       ./arduino/HardwareSerial.o
                                                  ./main.o
HardwareSerial::flush()                           ./arduino/HardwareSerial.o
HardwareSerial::peek()                            ./arduino/HardwareSerial.o
HardwareSerial::read()                            ./arduino/HardwareSerial.o
HardwareSerial::write(unsigned char)              ./arduino/HardwareSerial.o
HelloWorld()                                      ./main.o
Print::Print()                                    ./arduino/HardwareSerial.o
Print::Print()                                    ./arduino/HardwareSerial.o
Print::print(Printable const&)                    ./arduino/Print.o
Print::print(String const&)                       ./arduino/Print.o
Print::print(__FlashStringHelper const*)          ./arduino/Print.o
Print::print(char const*)                         ./arduino/Print.o
                                                  ./main.o
Print::print(char)                                ./arduino/Print.o
Print::print(double, int)                         ./arduino/Print.o
Print::print(int, int)                            ./arduino/Print.o
Print::print(long, int)                           ./arduino/Print.o
Print::print(unsigned char, int)                  ./arduino/Print.o
Print::print(unsigned int, int)                   ./arduino/Print.o
Print::print(unsigned long, int)                  ./arduino/Print.o
Print::printFloat(double, unsigned char)          ./arduino/Print.o
Print::printNumber(unsigned long, unsigned char)  ./arduino/Print.o
Print::println()                                  ./arduino/Print.o
Print::println(Printable const&)                  ./arduino/Print.o
Print::println(String const&)                     ./arduino/Print.o
Print::println(__FlashStringHelper const*)        ./arduino/Print.o
Print::println(char const*)                       ./arduino/Print.o
                                                  ./main.o
Print::println(char)                              ./arduino/Print.o
Print::println(double, int)                       ./arduino/Print.o
Print::println(int, int)                          ./arduino/Print.o
Print::println(long, int)                         ./arduino/Print.o
Print::println(unsigned char, int)                ./arduino/Print.o
Print::println(unsigned int, int)                 ./arduino/Print.o
Print::println(unsigned long, int)                ./arduino/Print.o
                                                  ./main.o
Print::write(char const*)                         ./arduino/Print.o
Print::write(unsigned char const*, unsigned int)  ./arduino/Print.o
                                                  ./arduino/HardwareSerial.o
SPI                                               ./FTDI _V1/libraries/FT_GC/FT_Transport_SPI/SPI.o
SPIClass::begin()                                 ./FTDI _V1/libraries/FT_GC/FT_Transport_SPI/SPI.o
                                                  ./main.o
SPIClass::end()                                   ./FTDI _V1/libraries/FT_GC/FT_Transport_SPI/SPI.o
SPIClass::initialized                             ./FTDI _V1/libraries/FT_GC/FT_Transport_SPI/SPI.o
SPIClass::interruptMask                           ./FTDI _V1/libraries/FT_GC/FT_Transport_SPI/SPI.o
SPIClass::interruptMode                           ./FTDI _V1/libraries/FT_GC/FT_Transport_SPI/SPI.o
SPIClass::interruptSave                           ./FTDI _V1/libraries/FT_GC/FT_Transport_SPI/SPI.o
SPIClass::notUsingInterrupt(unsigned char)        ./FTDI _V1/libraries/FT_GC/FT_Transport_SPI/SPI.o
SPIClass::setBitOrder(unsigned char)              ./main.o
SPIClass::setClockDivider(unsigned char)          ./main.o
SPIClass::setDataMode(unsigned char)              ./main.o
SPIClass::transfer(unsigned char)                 ./main.o
SPIClass::usingInterrupt(unsigned char)           ./FTDI _V1/libraries/FT_GC/FT_Transport_SPI/SPI.o
Serial                                            ./arduino/HardwareSerial.o
                                                  ./main.o
Serial1                                           ./arduino/HardwareSerial.o
Stream::Stream()                                  ./arduino/HardwareSerial.o
Stream::Stream()                                  ./arduino/HardwareSerial.o
Stream::find(char*)                               ./arduino/Stream.o
Stream::find(char*, unsigned int)                 ./arduino/Stream.o
Stream::findUntil(char*, char*)                   ./arduino/Stream.o
Stream::findUntil(char*, unsigned int, char*, unsigned int) ./arduino/Stream.o
Stream::parseFloat()                              ./arduino/Stream.o
Stream::parseFloat(char)                          ./arduino/Stream.o
Stream::parseInt()                                ./arduino/Stream.o
Stream::parseInt(char)                            ./arduino/Stream.o
Stream::peekNextDigit()                           ./arduino/Stream.o
Stream::readBytes(char*, unsigned int)            ./arduino/Stream.o
Stream::readBytesUntil(char, char*, unsigned int) ./arduino/Stream.o
Stream::readString()                              ./arduino/Stream.o
Stream::readStringUntil(char)                     ./arduino/Stream.o
Stream::setTimeout(unsigned long)                 ./arduino/Stream.o
Stream::timedPeek()                               ./arduino/Stream.o
Stream::timedRead()                               ./arduino/Stream.o
String::String(String const&)                     ./arduino/WString.o
String::String(String const&)                     ./arduino/WString.o
String::String(char const*)                       ./arduino/WString.o
                                                  ./arduino/Stream.o
String::String(char const*)                       ./arduino/WString.o
String::String(char)                              ./arduino/WString.o
String::String(char)                              ./arduino/WString.o
String::String(int, unsigned char)                ./arduino/WString.o
String::String(int, unsigned char)                ./arduino/WString.o
String::String(long, unsigned char)               ./arduino/WString.o
String::String(long, unsigned char)               ./arduino/WString.o
String::String(unsigned char, unsigned char)      ./arduino/WString.o
String::String(unsigned char, unsigned char)      ./arduino/WString.o
String::String(unsigned int, unsigned char)       ./arduino/WString.o
String::String(unsigned int, unsigned char)       ./arduino/WString.o
String::String(unsigned long, unsigned char)      ./arduino/WString.o
String::String(unsigned long, unsigned char)      ./arduino/WString.o
String::changeBuffer(unsigned int)                ./arduino/WString.o
String::charAt(unsigned int) const                ./arduino/WString.o
String::compareTo(String const&) const            ./arduino/WString.o
String::concat(String const&)                     ./arduino/WString.o
String::concat(char const*)                       ./arduino/WString.o
String::concat(char const*, unsigned int)         ./arduino/WString.o
String::concat(char)                              ./arduino/WString.o
                                                  ./arduino/Stream.o
String::concat(int)                               ./arduino/WString.o
String::concat(long)                              ./arduino/WString.o
String::concat(unsigned char)                     ./arduino/WString.o
String::concat(unsigned int)                      ./arduino/WString.o
String::concat(unsigned long)                     ./arduino/WString.o
String::copy(char const*, unsigned int)           ./arduino/WString.o
String::endsWith(String const&) const             ./arduino/WString.o
String::equals(String const&) const               ./arduino/WString.o
String::equals(char const*) const                 ./arduino/WString.o
String::equalsIgnoreCase(String const&) const     ./arduino/WString.o
String::getBytes(unsigned char*, unsigned int, unsigned int) const ./arduino/WString.o
String::indexOf(String const&) const              ./arduino/WString.o
String::indexOf(String const&, unsigned int) const ./arduino/WString.o
String::indexOf(char) const                       ./arduino/WString.o
String::indexOf(char, unsigned int) const         ./arduino/WString.o
String::init()                                    ./arduino/WString.o
String::invalidate()                              ./arduino/WString.o
String::lastIndexOf(String const&) const          ./arduino/WString.o
String::lastIndexOf(String const&, unsigned int) const ./arduino/WString.o
String::lastIndexOf(char) const                   ./arduino/WString.o
String::lastIndexOf(char, unsigned int) const     ./arduino/WString.o
String::length() const                            ./arduino/Print.o
String::operator+=(char)                          ./arduino/Stream.o
String::operator<(String const&) const            ./arduino/WString.o
String::operator<=(String const&) const           ./arduino/WString.o
String::operator=(String const&)                  ./arduino/WString.o
String::operator=(char const*)                    ./arduino/WString.o
String::operator>(String const&) const            ./arduino/WString.o
String::operator>=(String const&) const           ./arduino/WString.o
String::operator[](unsigned int)                  ./arduino/WString.o
String::operator[](unsigned int) const            ./arduino/WString.o
                                                  ./arduino/Print.o
String::replace(String const&, String const&)     ./arduino/WString.o
String::replace(char, char)                       ./arduino/WString.o
String::reserve(unsigned int)                     ./arduino/WString.o
String::setCharAt(unsigned int, char)             ./arduino/WString.o
String::startsWith(String const&) const           ./arduino/WString.o
String::startsWith(String const&, unsigned int) const ./arduino/WString.o
String::substring(unsigned int) const             ./arduino/WString.o
String::substring(unsigned int, unsigned int) const ./arduino/WString.o
String::toInt() const                             ./arduino/WString.o
String::toLowerCase()                             ./arduino/WString.o
String::toUpperCase()                             ./arduino/WString.o
String::trim()                                    ./arduino/WString.o
String::~String()                                 ./arduino/WString.o
String::~String()                                 ./arduino/WString.o
__addsf3                                          /usr/local/CrossPack-AVR-20131216/lib/gcc/avr/4.8.1/../../../../avr/lib/avr51/libm.a(addsf3.o)
                                                  ./arduino/Print.o
__addsf3x                                         /usr/local/CrossPack-AVR-20131216/lib/gcc/avr/4.8.1/../../../../avr/lib/avr51/libm.a(addsf3x.o)
                                                  /usr/local/CrossPack-AVR-20131216/lib/gcc/avr/4.8.1/../../../../avr/lib/avr51/libm.a(addsf3.o)
__bad_interrupt                                   /usr/local/CrossPack-AVR-20131216/lib/gcc/avr/4.8.1/../../../../avr/lib/avr51/crtcan128.o
__brkval                                          /usr/local/CrossPack-AVR-20131216/lib/gcc/avr/4.8.1/../../../../avr/lib/avr51/libc.a(realloc.o)
                                                  /usr/local/CrossPack-AVR-20131216/lib/gcc/avr/4.8.1/../../../../avr/lib/avr51/libc.a(malloc.o)
__bss_end                                         /usr/local/CrossPack-AVR-20131216/lib/gcc/avr/4.8.1/avr51/libgcc.a(_clear_bss.o)
__bss_start                                       /usr/local/CrossPack-AVR-20131216/lib/gcc/avr/4.8.1/avr51/libgcc.a(_clear_bss.o)
__cmpsf2                                          /usr/local/CrossPack-AVR-20131216/lib/gcc/avr/4.8.1/../../../../avr/lib/avr51/libm.a(cmpsf2.o)
__ctors_end                                       /usr/local/CrossPack-AVR-20131216/lib/gcc/avr/4.8.1/avr51/libgcc.a(_ctors.o)
__ctors_start                                     /usr/local/CrossPack-AVR-20131216/lib/gcc/avr/4.8.1/avr51/libgcc.a(_ctors.o)
__ctype_isfalse                                   /usr/local/CrossPack-AVR-20131216/lib/gcc/avr/4.8.1/../../../../avr/lib/avr51/libc.a(cty_isfalse.o)
                                                  /usr/local/CrossPack-AVR-20131216/lib/gcc/avr/4.8.1/../../../../avr/lib/avr51/libc.a(isspace.o)
__ctype_istrue                                    /usr/local/CrossPack-AVR-20131216/lib/gcc/avr/4.8.1/../../../../avr/lib/avr51/libc.a(cty_isfalse.o)
__cxa_guard_abort                                 ./arduino/new.o
__cxa_guard_acquire                               ./arduino/new.o
__cxa_guard_release                               ./arduino/new.o
__cxa_pure_virtual                                ./arduino/new.o
                                                  ./arduino/Print.o
                                                  ./arduino/HardwareSerial.o
__data_end                                        /usr/local/CrossPack-AVR-20131216/lib/gcc/avr/4.8.1/avr51/libgcc.a(_copy_data.o)
__data_load_start                                 /usr/local/CrossPack-AVR-20131216/lib/gcc/avr/4.8.1/avr51/libgcc.a(_copy_data.o)
__data_start                                      /usr/local/CrossPack-AVR-20131216/lib/gcc/avr/4.8.1/avr51/libgcc.a(_copy_data.o)
__divmodsi4                                       /usr/local/CrossPack-AVR-20131216/lib/gcc/avr/4.8.1/avr51/libgcc.a(_divmodsi4.o)
                                                  /usr/local/CrossPack-AVR-20131216/lib/gcc/avr/4.8.1/../../../../avr/lib/avr51/libc.a(random.o)
                                                  ./arduino/WMath.o
__divsf3                                          /usr/local/CrossPack-AVR-20131216/lib/gcc/avr/4.8.1/../../../../avr/lib/avr51/libm.a(divsf3.o)
                                                  ./arduino/Print.o
__divsf3_pse                                      /usr/local/CrossPack-AVR-20131216/lib/gcc/avr/4.8.1/../../../../avr/lib/avr51/libm.a(divsf3x.o)
__divsf3x                                         /usr/local/CrossPack-AVR-20131216/lib/gcc/avr/4.8.1/../../../../avr/lib/avr51/libm.a(divsf3x.o)
                                                  /usr/local/CrossPack-AVR-20131216/lib/gcc/avr/4.8.1/../../../../avr/lib/avr51/libm.a(divsf3.o)
__do_clear_bss                                    /usr/local/CrossPack-AVR-20131216/lib/gcc/avr/4.8.1/avr51/libgcc.a(_clear_bss.o)
                                                  /usr/local/CrossPack-AVR-20131216/lib/gcc/avr/4.8.1/../../../../avr/lib/avr51/libc.a(malloc.o)
                                                  ./main.o
                                                  ./FTDI _V1/libraries/FT_GC/FT_Transport_SPI/SPI.o
                                                  ./arduino/wiring.o
                                                  ./arduino/can_lib.o
                                                  ./arduino/WString.o
                                                  ./arduino/WInterrupts.o
                                                  ./arduino/HardwareSerial.o
__do_copy_data                                    /usr/local/CrossPack-AVR-20131216/lib/gcc/avr/4.8.1/avr51/libgcc.a(_copy_data.o)
                                                  /usr/local/CrossPack-AVR-20131216/lib/gcc/avr/4.8.1/../../../../avr/lib/avr51/libc.a(random.o)
                                                  /usr/local/CrossPack-AVR-20131216/lib/gcc/avr/4.8.1/../../../../avr/lib/avr51/libc.a(malloc.o)
                                                  ./main.o
                                                  ./arduino/wiring_pulse.o
                                                  ./arduino/wiring_digital.o
                                                  ./arduino/wiring_analog.o
                                                  ./arduino/pins_arduino.o
                                                  ./arduino/WString.o
                                                  ./arduino/Stream.o
                                                  ./arduino/Print.o
                                                  ./arduino/HardwareSerial.o
__do_global_ctors                                 /usr/local/CrossPack-AVR-20131216/lib/gcc/avr/4.8.1/avr51/libgcc.a(_ctors.o)
                                                  ./main.o
                                                  ./arduino/HardwareSerial.o
__do_global_dtors                                 /usr/local/CrossPack-AVR-20131216/lib/gcc/avr/4.8.1/avr51/libgcc.a(_dtors.o)
                                                  ./main.o
__dtors_end                                       /usr/local/CrossPack-AVR-20131216/lib/gcc/avr/4.8.1/avr51/libgcc.a(_dtors.o)
__dtors_start                                     /usr/local/CrossPack-AVR-20131216/lib/gcc/avr/4.8.1/avr51/libgcc.a(_dtors.o)
__eqsf2                                           /usr/local/CrossPack-AVR-20131216/lib/gcc/avr/4.8.1/../../../../avr/lib/avr51/libm.a(cmpsf2.o)
__fixsfsi                                         /usr/local/CrossPack-AVR-20131216/lib/gcc/avr/4.8.1/../../../../avr/lib/avr51/libm.a(fixsfsi.o)
                                                  ./arduino/Print.o
__fixunssfsi                                      /usr/local/CrossPack-AVR-20131216/lib/gcc/avr/4.8.1/../../../../avr/lib/avr51/libm.a(fixunssfsi.o)
                                                  /usr/local/CrossPack-AVR-20131216/lib/gcc/avr/4.8.1/../../../../avr/lib/avr51/libm.a(fixsfsi.o)
                                                  ./arduino/Print.o
__floatsisf                                       /usr/local/CrossPack-AVR-20131216/lib/gcc/avr/4.8.1/../../../../avr/lib/avr51/libm.a(floatsisf.o)
                                                  ./arduino/Stream.o
                                                  ./arduino/Print.o
__floatunsisf                                     /usr/local/CrossPack-AVR-20131216/lib/gcc/avr/4.8.1/../../../../avr/lib/avr51/libm.a(floatsisf.o)
                                                  ./arduino/Print.o
__flp                                             /usr/local/CrossPack-AVR-20131216/lib/gcc/avr/4.8.1/../../../../avr/lib/avr51/libc.a(realloc.o)
                                                  /usr/local/CrossPack-AVR-20131216/lib/gcc/avr/4.8.1/../../../../avr/lib/avr51/libc.a(malloc.o)
__fp_cmp                                          /usr/local/CrossPack-AVR-20131216/lib/gcc/avr/4.8.1/../../../../avr/lib/avr51/libm.a(fp_cmp.o)
                                                  /usr/local/CrossPack-AVR-20131216/lib/gcc/avr/4.8.1/../../../../avr/lib/avr51/libm.a(cmpsf2.o)
__fp_inf                                          /usr/local/CrossPack-AVR-20131216/lib/gcc/avr/4.8.1/../../../../avr/lib/avr51/libm.a(fp_inf.o)
                                                  /usr/local/CrossPack-AVR-20131216/lib/gcc/avr/4.8.1/../../../../avr/lib/avr51/libm.a(mulsf3x.o)
                                                  /usr/local/CrossPack-AVR-20131216/lib/gcc/avr/4.8.1/../../../../avr/lib/avr51/libm.a(divsf3x.o)
                                                  /usr/local/CrossPack-AVR-20131216/lib/gcc/avr/4.8.1/../../../../avr/lib/avr51/libm.a(addsf3x.o)
__fp_nan                                          /usr/local/CrossPack-AVR-20131216/lib/gcc/avr/4.8.1/../../../../avr/lib/avr51/libm.a(fp_nan.o)
                                                  /usr/local/CrossPack-AVR-20131216/lib/gcc/avr/4.8.1/../../../../avr/lib/avr51/libm.a(mulsf3x.o)
                                                  /usr/local/CrossPack-AVR-20131216/lib/gcc/avr/4.8.1/../../../../avr/lib/avr51/libm.a(divsf3x.o)
                                                  /usr/local/CrossPack-AVR-20131216/lib/gcc/avr/4.8.1/../../../../avr/lib/avr51/libm.a(addsf3x.o)
__fp_pscA                                         /usr/local/CrossPack-AVR-20131216/lib/gcc/avr/4.8.1/../../../../avr/lib/avr51/libm.a(fp_pscA.o)
                                                  /usr/local/CrossPack-AVR-20131216/lib/gcc/avr/4.8.1/../../../../avr/lib/avr51/libm.a(mulsf3x.o)
                                                  /usr/local/CrossPack-AVR-20131216/lib/gcc/avr/4.8.1/../../../../avr/lib/avr51/libm.a(divsf3x.o)
                                                  /usr/local/CrossPack-AVR-20131216/lib/gcc/avr/4.8.1/../../../../avr/lib/avr51/libm.a(addsf3x.o)
__fp_pscB                                         /usr/local/CrossPack-AVR-20131216/lib/gcc/avr/4.8.1/../../../../avr/lib/avr51/libm.a(fp_pscB.o)
                                                  /usr/local/CrossPack-AVR-20131216/lib/gcc/avr/4.8.1/../../../../avr/lib/avr51/libm.a(mulsf3x.o)
                                                  /usr/local/CrossPack-AVR-20131216/lib/gcc/avr/4.8.1/../../../../avr/lib/avr51/libm.a(divsf3x.o)
                                                  /usr/local/CrossPack-AVR-20131216/lib/gcc/avr/4.8.1/../../../../avr/lib/avr51/libm.a(addsf3x.o)
__fp_round                                        /usr/local/CrossPack-AVR-20131216/lib/gcc/avr/4.8.1/../../../../avr/lib/avr51/libm.a(fp_round.o)
                                                  /usr/local/CrossPack-AVR-20131216/lib/gcc/avr/4.8.1/../../../../avr/lib/avr51/libm.a(mulsf3.o)
                                                  /usr/local/CrossPack-AVR-20131216/lib/gcc/avr/4.8.1/../../../../avr/lib/avr51/libm.a(divsf3.o)
                                                  /usr/local/CrossPack-AVR-20131216/lib/gcc/avr/4.8.1/../../../../avr/lib/avr51/libm.a(addsf3.o)
__fp_split3                                       /usr/local/CrossPack-AVR-20131216/lib/gcc/avr/4.8.1/../../../../avr/lib/avr51/libm.a(fp_split3.o)
                                                  /usr/local/CrossPack-AVR-20131216/lib/gcc/avr/4.8.1/../../../../avr/lib/avr51/libm.a(mulsf3x.o)
                                                  /usr/local/CrossPack-AVR-20131216/lib/gcc/avr/4.8.1/../../../../avr/lib/avr51/libm.a(divsf3x.o)
                                                  /usr/local/CrossPack-AVR-20131216/lib/gcc/avr/4.8.1/../../../../avr/lib/avr51/libm.a(addsf3x.o)
__fp_splitA                                       /usr/local/CrossPack-AVR-20131216/lib/gcc/avr/4.8.1/../../../../avr/lib/avr51/libm.a(fp_split3.o)
                                                  /usr/local/CrossPack-AVR-20131216/lib/gcc/avr/4.8.1/../../../../avr/lib/avr51/libm.a(fixunssfsi.o)
__fp_szero                                        /usr/local/CrossPack-AVR-20131216/lib/gcc/avr/4.8.1/../../../../avr/lib/avr51/libm.a(fp_zero.o)
                                                  /usr/local/CrossPack-AVR-20131216/lib/gcc/avr/4.8.1/../../../../avr/lib/avr51/libm.a(mulsf3x.o)
                                                  /usr/local/CrossPack-AVR-20131216/lib/gcc/avr/4.8.1/../../../../avr/lib/avr51/libm.a(fixsfsi.o)
                                                  /usr/local/CrossPack-AVR-20131216/lib/gcc/avr/4.8.1/../../../../avr/lib/avr51/libm.a(divsf3x.o)
__fp_zero                                         /usr/local/CrossPack-AVR-20131216/lib/gcc/avr/4.8.1/../../../../avr/lib/avr51/libm.a(fp_zero.o)
                                                  /usr/local/CrossPack-AVR-20131216/lib/gcc/avr/4.8.1/../../../../avr/lib/avr51/libm.a(fixunssfsi.o)
                                                  /usr/local/CrossPack-AVR-20131216/lib/gcc/avr/4.8.1/../../../../avr/lib/avr51/libm.a(addsf3x.o)
__heap_end                                        /usr/local/CrossPack-AVR-20131216/lib/gcc/avr/4.8.1/../../../../avr/lib/avr51/crtcan128.o
                                                  /usr/local/CrossPack-AVR-20131216/lib/gcc/avr/4.8.1/../../../../avr/lib/avr51/libc.a(malloc.o)
__heap_start                                      /usr/local/CrossPack-AVR-20131216/lib/gcc/avr/4.8.1/../../../../avr/lib/avr51/libc.a(malloc.o)
__init                                            /usr/local/CrossPack-AVR-20131216/lib/gcc/avr/4.8.1/../../../../avr/lib/avr51/crtcan128.o
__itoa                                            /usr/local/CrossPack-AVR-20131216/lib/gcc/avr/4.8.1/../../../../avr/lib/avr51/libc.a(itoa.o)
                                                  ./arduino/WString.o
__itoa_ncheck                                     /usr/local/CrossPack-AVR-20131216/lib/gcc/avr/4.8.1/../../../../avr/lib/avr51/libc.a(itoa_ncheck.o)
                                                  /usr/local/CrossPack-AVR-20131216/lib/gcc/avr/4.8.1/../../../../avr/lib/avr51/libc.a(itoa.o)
__lesf2                                           /usr/local/CrossPack-AVR-20131216/lib/gcc/avr/4.8.1/../../../../avr/lib/avr51/libm.a(cmpsf2.o)
__ltoa                                            /usr/local/CrossPack-AVR-20131216/lib/gcc/avr/4.8.1/../../../../avr/lib/avr51/libc.a(ltoa.o)
                                                  ./arduino/WString.o
__ltoa_ncheck                                     /usr/local/CrossPack-AVR-20131216/lib/gcc/avr/4.8.1/../../../../avr/lib/avr51/libc.a(ltoa_ncheck.o)
                                                  /usr/local/CrossPack-AVR-20131216/lib/gcc/avr/4.8.1/../../../../avr/lib/avr51/libc.a(ltoa.o)
__ltsf2                                           /usr/local/CrossPack-AVR-20131216/lib/gcc/avr/4.8.1/../../../../avr/lib/avr51/libm.a(cmpsf2.o)
                                                  ./arduino/Print.o
__malloc_heap_end                                 /usr/local/CrossPack-AVR-20131216/lib/gcc/avr/4.8.1/../../../../avr/lib/avr51/libc.a(malloc.o)
                                                  /usr/local/CrossPack-AVR-20131216/lib/gcc/avr/4.8.1/../../../../avr/lib/avr51/libc.a(realloc.o)
__malloc_heap_start                               /usr/local/CrossPack-AVR-20131216/lib/gcc/avr/4.8.1/../../../../avr/lib/avr51/libc.a(malloc.o)
__malloc_margin                                   /usr/local/CrossPack-AVR-20131216/lib/gcc/avr/4.8.1/../../../../avr/lib/avr51/libc.a(malloc.o)
                                                  /usr/local/CrossPack-AVR-20131216/lib/gcc/avr/4.8.1/../../../../avr/lib/avr51/libc.a(realloc.o)
__mulohisi3                                       /usr/local/CrossPack-AVR-20131216/lib/gcc/avr/4.8.1/avr51/libgcc.a(_mulshisi3.o)
                                                  /usr/local/CrossPack-AVR-20131216/lib/gcc/avr/4.8.1/../../../../avr/lib/avr51/libc.a(random.o)
__mulsf3                                          /usr/local/CrossPack-AVR-20131216/lib/gcc/avr/4.8.1/../../../../avr/lib/avr51/libm.a(mulsf3.o)
                                                  ./arduino/Stream.o
                                                  ./arduino/Print.o
__mulsf3_pse                                      /usr/local/CrossPack-AVR-20131216/lib/gcc/avr/4.8.1/../../../../avr/lib/avr51/libm.a(mulsf3x.o)
__mulsf3x                                         /usr/local/CrossPack-AVR-20131216/lib/gcc/avr/4.8.1/../../../../avr/lib/avr51/libm.a(mulsf3x.o)
                                                  /usr/local/CrossPack-AVR-20131216/lib/gcc/avr/4.8.1/../../../../avr/lib/avr51/libm.a(mulsf3.o)
__mulshisi3                                       /usr/local/CrossPack-AVR-20131216/lib/gcc/avr/4.8.1/avr51/libgcc.a(_mulshisi3.o)
__mulsi3                                          /usr/local/CrossPack-AVR-20131216/lib/gcc/avr/4.8.1/avr51/libgcc.a(_mulsi3.o)
                                                  ./arduino/WMath.o
__mulsi_const_10                                  /usr/local/CrossPack-AVR-20131216/lib/gcc/avr/4.8.1/../../../../avr/lib/avr51/libc.a(mulsi10.o)
                                                  /usr/local/CrossPack-AVR-20131216/lib/gcc/avr/4.8.1/../../../../avr/lib/avr51/libc.a(atol.o)
__muluhisi3                                       /usr/local/CrossPack-AVR-20131216/lib/gcc/avr/4.8.1/avr51/libgcc.a(_muluhisi3.o)
                                                  /usr/local/CrossPack-AVR-20131216/lib/gcc/avr/4.8.1/avr51/libgcc.a(_mulshisi3.o)
                                                  /usr/local/CrossPack-AVR-20131216/lib/gcc/avr/4.8.1/../../../../avr/lib/avr51/libc.a(random.o)
                                                  /usr/local/CrossPack-AVR-20131216/lib/gcc/avr/4.8.1/avr51/libgcc.a(_mulsi3.o)
                                                  ./arduino/HardwareSerial.o
__negsi2                                          /usr/local/CrossPack-AVR-20131216/lib/gcc/avr/4.8.1/avr51/libgcc.a(_negsi2.o)
                                                  /usr/local/CrossPack-AVR-20131216/lib/gcc/avr/4.8.1/avr51/libgcc.a(_divmodsi4.o)
__nesf2                                           /usr/local/CrossPack-AVR-20131216/lib/gcc/avr/4.8.1/../../../../avr/lib/avr51/libm.a(cmpsf2.o)
__stack                                           /usr/local/CrossPack-AVR-20131216/lib/gcc/avr/4.8.1/../../../../avr/lib/avr51/crtcan128.o
__subsf3                                          /usr/local/CrossPack-AVR-20131216/lib/gcc/avr/4.8.1/../../../../avr/lib/avr51/libm.a(addsf3.o)
                                                  ./arduino/Print.o
__tablejump2__                                    /usr/local/CrossPack-AVR-20131216/lib/gcc/avr/4.8.1/avr51/libgcc.a(_tablejump.o)
                                                  ./FTDI _V1/libraries/FT_GC/FT_Transport_SPI/SPI.o
                                                  ./arduino/can_lib.o
                                                  ./arduino/WInterrupts.o
__tablejump__                                     /usr/local/CrossPack-AVR-20131216/lib/gcc/avr/4.8.1/avr51/libgcc.a(_tablejump.o)
__tablejump_elpm__                                /usr/local/CrossPack-AVR-20131216/lib/gcc/avr/4.8.1/avr51/libgcc.a(_tablejump_elpm.o)
                                                  /usr/local/CrossPack-AVR-20131216/lib/gcc/avr/4.8.1/avr51/libgcc.a(_dtors.o)
                                                  /usr/local/CrossPack-AVR-20131216/lib/gcc/avr/4.8.1/avr51/libgcc.a(_ctors.o)
__udivmodsi4                                      /usr/local/CrossPack-AVR-20131216/lib/gcc/avr/4.8.1/avr51/libgcc.a(_udivmodsi4.o)
                                                  /usr/local/CrossPack-AVR-20131216/lib/gcc/avr/4.8.1/avr51/libgcc.a(_divmodsi4.o)
                                                  ./arduino/Print.o
                                                  ./arduino/HardwareSerial.o
__ultoa                                           /usr/local/CrossPack-AVR-20131216/lib/gcc/avr/4.8.1/../../../../avr/lib/avr51/libc.a(ultoa.o)
                                                  ./arduino/WString.o
__ultoa_common                                    /usr/local/CrossPack-AVR-20131216/lib/gcc/avr/4.8.1/../../../../avr/lib/avr51/libc.a(ultoa_ncheck.o)
                                                  /usr/local/CrossPack-AVR-20131216/lib/gcc/avr/4.8.1/../../../../avr/lib/avr51/libc.a(ltoa_ncheck.o)
__ultoa_ncheck                                    /usr/local/CrossPack-AVR-20131216/lib/gcc/avr/4.8.1/../../../../avr/lib/avr51/libc.a(ultoa_ncheck.o)
                                                  /usr/local/CrossPack-AVR-20131216/lib/gcc/avr/4.8.1/../../../../avr/lib/avr51/libc.a(ultoa.o)
__umulhisi3                                       /usr/local/CrossPack-AVR-20131216/lib/gcc/avr/4.8.1/avr51/libgcc.a(_umulhisi3.o)
                                                  /usr/local/CrossPack-AVR-20131216/lib/gcc/avr/4.8.1/avr51/libgcc.a(_muluhisi3.o)
__utoa                                            /usr/local/CrossPack-AVR-20131216/lib/gcc/avr/4.8.1/../../../../avr/lib/avr51/libc.a(utoa.o)
                                                  ./arduino/WString.o
__utoa_common                                     /usr/local/CrossPack-AVR-20131216/lib/gcc/avr/4.8.1/../../../../avr/lib/avr51/libc.a(utoa_ncheck.o)
                                                  /usr/local/CrossPack-AVR-20131216/lib/gcc/avr/4.8.1/../../../../avr/lib/avr51/libc.a(itoa_ncheck.o)
__utoa_ncheck                                     /usr/local/CrossPack-AVR-20131216/lib/gcc/avr/4.8.1/../../../../avr/lib/avr51/libc.a(utoa_ncheck.o)
                                                  /usr/local/CrossPack-AVR-20131216/lib/gcc/avr/4.8.1/../../../../avr/lib/avr51/libc.a(utoa.o)
__vector_1                                        ./arduino/WInterrupts.o
                                                  /usr/local/CrossPack-AVR-20131216/lib/gcc/avr/4.8.1/../../../../avr/lib/avr51/crtcan128.o
__vector_10                                       /usr/local/CrossPack-AVR-20131216/lib/gcc/avr/4.8.1/../../../../avr/lib/avr51/crtcan128.o
__vector_11                                       /usr/local/CrossPack-AVR-20131216/lib/gcc/avr/4.8.1/../../../../avr/lib/avr51/crtcan128.o
__vector_12                                       /usr/local/CrossPack-AVR-20131216/lib/gcc/avr/4.8.1/../../../../avr/lib/avr51/crtcan128.o
__vector_13                                       /usr/local/CrossPack-AVR-20131216/lib/gcc/avr/4.8.1/../../../../avr/lib/avr51/crtcan128.o
__vector_14                                       /usr/local/CrossPack-AVR-20131216/lib/gcc/avr/4.8.1/../../../../avr/lib/avr51/crtcan128.o
__vector_15                                       /usr/local/CrossPack-AVR-20131216/lib/gcc/avr/4.8.1/../../../../avr/lib/avr51/crtcan128.o
__vector_16                                       /usr/local/CrossPack-AVR-20131216/lib/gcc/avr/4.8.1/../../../../avr/lib/avr51/crtcan128.o
__vector_17                                       ./arduino/wiring.o
                                                  /usr/local/CrossPack-AVR-20131216/lib/gcc/avr/4.8.1/../../../../avr/lib/avr51/crtcan128.o
__vector_18                                       /usr/local/CrossPack-AVR-20131216/lib/gcc/avr/4.8.1/../../../../avr/lib/avr51/crtcan128.o
__vector_19                                       /usr/local/CrossPack-AVR-20131216/lib/gcc/avr/4.8.1/../../../../avr/lib/avr51/crtcan128.o
__vector_2                                        ./arduino/WInterrupts.o
                                                  /usr/local/CrossPack-AVR-20131216/lib/gcc/avr/4.8.1/../../../../avr/lib/avr51/crtcan128.o
__vector_20                                       /usr/local/CrossPack-AVR-20131216/lib/gcc/avr/4.8.1/../../../../avr/lib/avr51/crtcan128.o
__vector_21                                       ./arduino/HardwareSerial.o
                                                  /usr/local/CrossPack-AVR-20131216/lib/gcc/avr/4.8.1/../../../../avr/lib/avr51/crtcan128.o
__vector_22                                       /usr/local/CrossPack-AVR-20131216/lib/gcc/avr/4.8.1/../../../../avr/lib/avr51/crtcan128.o
__vector_23                                       /usr/local/CrossPack-AVR-20131216/lib/gcc/avr/4.8.1/../../../../avr/lib/avr51/crtcan128.o
__vector_24                                       /usr/local/CrossPack-AVR-20131216/lib/gcc/avr/4.8.1/../../../../avr/lib/avr51/crtcan128.o
__vector_25                                       /usr/local/CrossPack-AVR-20131216/lib/gcc/avr/4.8.1/../../../../avr/lib/avr51/crtcan128.o
__vector_26                                       /usr/local/CrossPack-AVR-20131216/lib/gcc/avr/4.8.1/../../../../avr/lib/avr51/crtcan128.o
__vector_27                                       /usr/local/CrossPack-AVR-20131216/lib/gcc/avr/4.8.1/../../../../avr/lib/avr51/crtcan128.o
__vector_28                                       /usr/local/CrossPack-AVR-20131216/lib/gcc/avr/4.8.1/../../../../avr/lib/avr51/crtcan128.o
__vector_29                                       /usr/local/CrossPack-AVR-20131216/lib/gcc/avr/4.8.1/../../../../avr/lib/avr51/crtcan128.o
__vector_3                                        ./arduino/WInterrupts.o
                                                  /usr/local/CrossPack-AVR-20131216/lib/gcc/avr/4.8.1/../../../../avr/lib/avr51/crtcan128.o
__vector_30                                       /usr/local/CrossPack-AVR-20131216/lib/gcc/avr/4.8.1/../../../../avr/lib/avr51/crtcan128.o
__vector_31                                       /usr/local/CrossPack-AVR-20131216/lib/gcc/avr/4.8.1/../../../../avr/lib/avr51/crtcan128.o
__vector_32                                       ./arduino/HardwareSerial.o
                                                  /usr/local/CrossPack-AVR-20131216/lib/gcc/avr/4.8.1/../../../../avr/lib/avr51/crtcan128.o
__vector_33                                       /usr/local/CrossPack-AVR-20131216/lib/gcc/avr/4.8.1/../../../../avr/lib/avr51/crtcan128.o
__vector_34                                       /usr/local/CrossPack-AVR-20131216/lib/gcc/avr/4.8.1/../../../../avr/lib/avr51/crtcan128.o
__vector_35                                       /usr/local/CrossPack-AVR-20131216/lib/gcc/avr/4.8.1/../../../../avr/lib/avr51/crtcan128.o
__vector_36                                       /usr/local/CrossPack-AVR-20131216/lib/gcc/avr/4.8.1/../../../../avr/lib/avr51/crtcan128.o
__vector_4                                        ./arduino/WInterrupts.o
                                                  /usr/local/CrossPack-AVR-20131216/lib/gcc/avr/4.8.1/../../../../avr/lib/avr51/crtcan128.o
__vector_5                                        ./arduino/WInterrupts.o
                                                  /usr/local/CrossPack-AVR-20131216/lib/gcc/avr/4.8.1/../../../../avr/lib/avr51/crtcan128.o
__vector_6                                        ./arduino/WInterrupts.o
                                                  /usr/local/CrossPack-AVR-20131216/lib/gcc/avr/4.8.1/../../../../avr/lib/avr51/crtcan128.o
__vector_7                                        ./arduino/WInterrupts.o
                                                  /usr/local/CrossPack-AVR-20131216/lib/gcc/avr/4.8.1/../../../../avr/lib/avr51/crtcan128.o
__vector_8                                        ./arduino/WInterrupts.o
                                                  /usr/local/CrossPack-AVR-20131216/lib/gcc/avr/4.8.1/../../../../avr/lib/avr51/crtcan128.o
__vector_9                                        /usr/local/CrossPack-AVR-20131216/lib/gcc/avr/4.8.1/../../../../avr/lib/avr51/crtcan128.o
__vector_default                                  /usr/local/CrossPack-AVR-20131216/lib/gcc/avr/4.8.1/../../../../avr/lib/avr51/crtcan128.o
__vectors                                         /usr/local/CrossPack-AVR-20131216/lib/gcc/avr/4.8.1/../../../../avr/lib/avr51/crtcan128.o
_exit                                             /usr/local/CrossPack-AVR-20131216/lib/gcc/avr/4.8.1/avr51/libgcc.a(_exit.o)
analogRead                                        ./arduino/wiring_analog.o
analogReference                                   ./arduino/wiring_analog.o
analogWrite                                       ./arduino/wiring_analog.o
analog_reference                                  ./arduino/wiring_analog.o
atol                                              /usr/local/CrossPack-AVR-20131216/lib/gcc/avr/4.8.1/../../../../avr/lib/avr51/libc.a(atol.o)
                                                  ./arduino/WString.o
attachInterrupt                                   ./arduino/WInterrupts.o
canlib::Can_conf_bt()                             ./arduino/can_lib.o
canlib::can_auto_baudrate(unsigned char)          ./arduino/can_lib.o
canlib::can_clear_all_mob()                       ./arduino/can_lib.o
canlib::can_fixed_baudrate(unsigned char)         ./arduino/can_lib.o
canlib::can_get_data(unsigned char*)              ./arduino/can_lib.o
canlib::can_get_mob_free()                        ./arduino/can_lib.o
canlib::can_get_mob_status()                      ./arduino/can_lib.o
canlib::cmd(st_cmd_t*)                            ./arduino/can_lib.o
canlib::get_status(st_cmd_t*)                     ./arduino/can_lib.o
canlib::init(unsigned char)                       ./arduino/can_lib.o
canlib::set_baudrate(unsigned short)              ./arduino/can_lib.o
delay                                             ./arduino/wiring.o
                                                  ./main.o
delayMicroseconds                                 ./arduino/wiring.o
detachInterrupt                                   ./arduino/WInterrupts.o
digitalRead                                       ./arduino/wiring_digital.o
digitalWrite                                      ./arduino/wiring_digital.o
                                                  ./arduino/wiring_shift.o
                                                  ./arduino/wiring_analog.o
digital_pin_to_bit_mask_PGM                       ./arduino/pins_arduino.o
                                                  ./arduino/wiring_pulse.o
                                                  ./arduino/wiring_digital.o
digital_pin_to_port_PGM                           ./arduino/pins_arduino.o
                                                  ./arduino/wiring_pulse.o
                                                  ./arduino/wiring_digital.o
digital_pin_to_timer_PGM                          ./arduino/pins_arduino.o
                                                  ./arduino/wiring_digital.o
                                                  ./arduino/wiring_analog.o
exit                                              /usr/local/CrossPack-AVR-20131216/lib/gcc/avr/4.8.1/avr51/libgcc.a(_exit.o)
                                                  /usr/local/CrossPack-AVR-20131216/lib/gcc/avr/4.8.1/../../../../avr/lib/avr51/crtcan128.o
free                                              /usr/local/CrossPack-AVR-20131216/lib/gcc/avr/4.8.1/../../../../avr/lib/avr51/libc.a(malloc.o)
                                                  /usr/local/CrossPack-AVR-20131216/lib/gcc/avr/4.8.1/../../../../avr/lib/avr51/libc.a(realloc.o)
                                                  ./arduino/new.o
                                                  ./arduino/WString.o
init                                              ./arduino/wiring.o
isspace                                           /usr/local/CrossPack-AVR-20131216/lib/gcc/avr/4.8.1/../../../../avr/lib/avr51/libc.a(isspace.o)
                                                  ./arduino/WString.o
itoa                                              /usr/local/CrossPack-AVR-20131216/lib/gcc/avr/4.8.1/../../../../avr/lib/avr51/libc.a(itoa.o)
                                                  ./arduino/WString.o
ltoa                                              /usr/local/CrossPack-AVR-20131216/lib/gcc/avr/4.8.1/../../../../avr/lib/avr51/libc.a(ltoa.o)
                                                  ./arduino/WString.o
main                                              ./main.o
                                                  /usr/local/CrossPack-AVR-20131216/lib/gcc/avr/4.8.1/../../../../avr/lib/avr51/crtcan128.o
makeWord(unsigned char, unsigned char)            ./arduino/WMath.o
makeWord(unsigned int)                            ./arduino/WMath.o
malloc                                            /usr/local/CrossPack-AVR-20131216/lib/gcc/avr/4.8.1/../../../../avr/lib/avr51/libc.a(malloc.o)
                                                  /usr/local/CrossPack-AVR-20131216/lib/gcc/avr/4.8.1/../../../../avr/lib/avr51/libc.a(realloc.o)
                                                  ./arduino/new.o
map(long, long, long, long, long)                 ./arduino/WMath.o
memcpy                                            /usr/local/CrossPack-AVR-20131216/lib/gcc/avr/4.8.1/../../../../avr/lib/avr51/libc.a(memcpy.o)
                                                  /usr/local/CrossPack-AVR-20131216/lib/gcc/avr/4.8.1/../../../../avr/lib/avr51/libc.a(memmove.o)
                                                  /usr/local/CrossPack-AVR-20131216/lib/gcc/avr/4.8.1/../../../../avr/lib/avr51/libc.a(realloc.o)
                                                  ./arduino/WString.o